Component: ARM Compiler 5.05 update 1 (build 106) Tool: armlink [4d0efa]

==============================================================================

Section Cross References

    startup_stm32f427xx.o(RESET) refers to startup_stm32f427xx.o(STACK) for __initial_sp
    startup_stm32f427xx.o(RESET) refers to startup_stm32f427xx.o(.text) for Reset_Handler
    startup_stm32f427xx.o(RESET) refers to stm32f4xx_it.o(i.NMI_Handler) for NMI_Handler
    startup_stm32f427xx.o(RESET) refers to stm32f4xx_it.o(i.HardFault_Handler) for HardFault_Handler
    startup_stm32f427xx.o(RESET) refers to stm32f4xx_it.o(i.MemManage_Handler) for MemManage_Handler
    startup_stm32f427xx.o(RESET) refers to stm32f4xx_it.o(i.BusFault_Handler) for BusFault_Handler
    startup_stm32f427xx.o(RESET) refers to stm32f4xx_it.o(i.UsageFault_Handler) for UsageFault_Handler
    startup_stm32f427xx.o(RESET) refers to stm32f4xx_it.o(i.SVC_Handler) for SVC_Handler
    startup_stm32f427xx.o(RESET) refers to stm32f4xx_it.o(i.DebugMon_Handler) for DebugMon_Handler
    startup_stm32f427xx.o(RESET) refers to stm32f4xx_it.o(i.PendSV_Handler) for PendSV_Handler
    startup_stm32f427xx.o(RESET) refers to stm32f4xx_it.o(i.SysTick_Handler) for SysTick_Handler
    startup_stm32f427xx.o(RESET) refers to stm32f4xx_it.o(i.EXTI1_IRQHandler) for EXTI1_IRQHandler
    startup_stm32f427xx.o(RESET) refers to stm32f4xx_it.o(i.CAN1_TX_IRQHandler) for CAN1_TX_IRQHandler
    startup_stm32f427xx.o(RESET) refers to stm32f4xx_it.o(i.CAN1_RX0_IRQHandler) for CAN1_RX0_IRQHandler
    startup_stm32f427xx.o(RESET) refers to stm32f4xx_it.o(i.USART1_IRQHandler) for USART1_IRQHandler
    startup_stm32f427xx.o(RESET) refers to stm32f4xx_it.o(i.USART3_IRQHandler) for USART3_IRQHandler
    startup_stm32f427xx.o(RESET) refers to stm32f4xx_it.o(i.TIM6_DAC_IRQHandler) for TIM6_DAC_IRQHandler
    startup_stm32f427xx.o(RESET) refers to stm32f4xx_it.o(i.DMA2_Stream2_IRQHandler) for DMA2_Stream2_IRQHandler
    startup_stm32f427xx.o(RESET) refers to stm32f4xx_it.o(i.CAN2_TX_IRQHandler) for CAN2_TX_IRQHandler
    startup_stm32f427xx.o(RESET) refers to stm32f4xx_it.o(i.CAN2_RX0_IRQHandler) for CAN2_RX0_IRQHandler
    startup_stm32f427xx.o(RESET) refers to stm32f4xx_it.o(i.OTG_FS_IRQHandler) for OTG_FS_IRQHandler
    startup_stm32f427xx.o(RESET) refers to stm32f4xx_it.o(i.USART6_IRQHandler) for USART6_IRQHandler
    startup_stm32f427xx.o(.text) refers to system_stm32f4xx.o(i.SystemInit) for SystemInit
    startup_stm32f427xx.o(.text) refers to entry.o(.ARM.Collect$$$$00000000) for __main
    stm32f4xx_hal_pcd.o(i.HAL_PCD_DeInit) refers to stm32f4xx_hal_pcd.o(i.HAL_PCD_Stop) for HAL_PCD_Stop
    stm32f4xx_hal_pcd.o(i.HAL_PCD_DeInit) refers to usbd_conf.o(i.HAL_PCD_MspDeInit) for HAL_PCD_MspDeInit
    stm32f4xx_hal_pcd.o(i.HAL_PCD_DevConnect) refers to stm32f4xx_ll_usb.o(i.USB_DevConnect) for USB_DevConnect
    stm32f4xx_hal_pcd.o(i.HAL_PCD_DevDisconnect) refers to stm32f4xx_ll_usb.o(i.USB_DevDisconnect) for USB_DevDisconnect
    stm32f4xx_hal_pcd.o(i.HAL_PCD_EP_Close) refers to stm32f4xx_ll_usb.o(i.USB_DeactivateEndpoint) for USB_DeactivateEndpoint
    stm32f4xx_hal_pcd.o(i.HAL_PCD_EP_ClrStall) refers to stm32f4xx_ll_usb.o(i.USB_EPClearStall) for USB_EPClearStall
    stm32f4xx_hal_pcd.o(i.HAL_PCD_EP_Flush) refers to stm32f4xx_ll_usb.o(i.USB_FlushTxFifo) for USB_FlushTxFifo
    stm32f4xx_hal_pcd.o(i.HAL_PCD_EP_Flush) refers to stm32f4xx_ll_usb.o(i.USB_FlushRxFifo) for USB_FlushRxFifo
    stm32f4xx_hal_pcd.o(i.HAL_PCD_EP_Open) refers to stm32f4xx_ll_usb.o(i.USB_ActivateEndpoint) for USB_ActivateEndpoint
    stm32f4xx_hal_pcd.o(i.HAL_PCD_EP_Receive) refers to stm32f4xx_ll_usb.o(i.USB_EPStartXfer) for USB_EPStartXfer
    stm32f4xx_hal_pcd.o(i.HAL_PCD_EP_Receive) refers to stm32f4xx_ll_usb.o(i.USB_EP0StartXfer) for USB_EP0StartXfer
    stm32f4xx_hal_pcd.o(i.HAL_PCD_EP_SetStall) refers to stm32f4xx_ll_usb.o(i.USB_EPSetStall) for USB_EPSetStall
    stm32f4xx_hal_pcd.o(i.HAL_PCD_EP_SetStall) refers to stm32f4xx_ll_usb.o(i.USB_EP0_OutStart) for USB_EP0_OutStart
    stm32f4xx_hal_pcd.o(i.HAL_PCD_EP_Transmit) refers to stm32f4xx_ll_usb.o(i.USB_EPStartXfer) for USB_EPStartXfer
    stm32f4xx_hal_pcd.o(i.HAL_PCD_EP_Transmit) refers to stm32f4xx_ll_usb.o(i.USB_EP0StartXfer) for USB_EP0StartXfer
    stm32f4xx_hal_pcd.o(i.HAL_PCD_IRQHandler) refers to stm32f4xx_ll_usb.o(i.USB_GetMode) for USB_GetMode
    stm32f4xx_hal_pcd.o(i.HAL_PCD_IRQHandler) refers to stm32f4xx_ll_usb.o(i.USB_ReadInterrupts) for USB_ReadInterrupts
    stm32f4xx_hal_pcd.o(i.HAL_PCD_IRQHandler) refers to stm32f4xx_ll_usb.o(i.USB_ReadDevAllOutEpInterrupt) for USB_ReadDevAllOutEpInterrupt
    stm32f4xx_hal_pcd.o(i.HAL_PCD_IRQHandler) refers to stm32f4xx_ll_usb.o(i.USB_ReadDevOutEPInterrupt) for USB_ReadDevOutEPInterrupt
    stm32f4xx_hal_pcd.o(i.HAL_PCD_IRQHandler) refers to usbd_conf.o(i.HAL_PCD_DataOutStageCallback) for HAL_PCD_DataOutStageCallback
[...]
    TIM8_CC_IRQHandler                       0x080001db   Thumb Code     0  startup_stm32f427xx.o(.text)
    TIM8_TRG_COM_TIM14_IRQHandler            0x080001db   Thumb Code     0  startup_stm32f427xx.o(.text)
    TIM8_UP_TIM13_IRQHandler                 0x080001db   Thumb Code     0  startup_stm32f427xx.o(.text)
    UART4_IRQHandler                         0x080001db   Thumb Code     0  startup_stm32f427xx.o(.text)
    UART5_IRQHandler                         0x080001db   Thumb Code     0  startup_stm32f427xx.o(.text)
    UART7_IRQHandler                         0x080001db   Thumb Code     0  startup_stm32f427xx.o(.text)
    UART8_IRQHandler                         0x080001db   Thumb Code     0  startup_stm32f427xx.o(.text)
    USART2_IRQHandler                        0x080001db   Thumb Code     0  startup_stm32f427xx.o(.text)
    WWDG_IRQHandler                          0x080001db   Thumb Code     0  startup_stm32f427xx.o(.text)
    rand                                     0x080001e5   Thumb Code    20  rand.o(.text)
    srand                                    0x080001f9   Thumb Code     6  rand.o(.text)
    __aeabi_memcpy                           0x08000209   Thumb Code    36  memcpya.o(.text)
    __aeabi_memcpy4                          0x08000209   Thumb Code     0  memcpya.o(.text)
    __aeabi_memcpy8                          0x08000209   Thumb Code     0  memcpya.o(.text)
    __aeabi_dadd                             0x0800022d   Thumb Code   322  dadd.o(.text)
    __aeabi_dsub                             0x0800036f   Thumb Code     6  dadd.o(.text)
    __aeabi_drsub                            0x08000375   Thumb Code     6  dadd.o(.text)
    __aeabi_dmul                             0x0800037b   Thumb Code   228  dmul.o(.text)
    __aeabi_i2d                              0x0800045f   Thumb Code    34  dflti.o(.text)
    __aeabi_f2d                              0x08000481   Thumb Code    38  f2d.o(.text)
    __aeabi_cdcmpeq                          0x080004a9   Thumb Code     0  cdcmple.o(.text)
    __aeabi_cdcmple                          0x080004a9   Thumb Code    48  cdcmple.o(.text)
    __aeabi_cdrcmple                         0x080004d9   Thumb Code    48  cdrcmple.o(.text)
    __aeabi_d2f                              0x08000509   Thumb Code    56  d2f.o(.text)
    __aeabi_llsl                             0x08000541   Thumb Code    30  llshl.o(.text)
    _ll_shift_l                              0x08000541   Thumb Code     0  llshl.o(.text)
    __aeabi_lasr                             0x0800055f   Thumb Code    36  llsshr.o(.text)
    _ll_sshift_r                             0x0800055f   Thumb Code     0  llsshr.o(.text)
    __I$use$fp                               0x08000583   Thumb Code     0  iusefp.o(.text)
    _float_round                             0x08000583   Thumb Code    18  fepilogue.o(.text)
    _float_epilogue                          0x08000595   Thumb Code    92  fepilogue.o(.text)
    _double_round                            0x080005f1   Thumb Code    30  depilogue.o(.text)
    _double_epilogue                         0x0800060f   Thumb Code   156  depilogue.o(.text)
    __aeabi_ddiv                             0x080006ab   Thumb Code   222  ddiv.o(.text)
    _dsqrt                                   0x08000789   Thumb Code   162  dsqrt.o(.text)
    __scatterload                            0x0800082d   Thumb Code    28  init.o(.text)
    __scatterload_rt2                        0x0800082d   Thumb Code     0  init.o(.text)
    __aeabi_llsr                             0x08000851   Thumb Code    32  llushr.o(.text)
    _ll_ushift_r                             0x08000851   Thumb Code     0  llushr.o(.text)
    __decompress                             0x08000871   Thumb Code     0  __dczerorl2.o(.text)
    __decompress1                            0x08000871   Thumb Code    86  __dczerorl2.o(.text)
    BusFault_Handler                         0x080008c7   Thumb Code     2  stm32f4xx_it.o(i.BusFault_Handler)
    CAN1_RX0_IRQHandler                      0x080008c9   Thumb Code     6  stm32f4xx_it.o(i.CAN1_RX0_IRQHandler)
    CAN1_TX_IRQHandler                       0x080008d5   Thumb Code     6  stm32f4xx_it.o(i.CAN1_TX_IRQHandler)
    CAN2_RX0_IRQHandler                      0x080008e1   Thumb Code     6  stm32f4xx_it.o(i.CAN2_RX0_IRQHandler)
    CAN2_TX_IRQHandler                       0x080008ed   Thumb Code     6  stm32f4xx_it.o(i.CAN2_TX_IRQHandler)
    CAN_Send_Msg                             0x08000a25   Thumb Code    46  bsp_can.o(i.CAN_Send_Msg)
    CanFilter_Init                           0x08000af9   Thumb Code    72  bsp_can.o(i.CanFilter_Init)
    CanReceiveMsgProcess                     0x08000b4d   Thumb Code   650  bsp_can.o(i.CanReceiveMsgProcess)
    Chebyshev50HzLPF                         0x08000e25   Thumb Code   178  filter.o(i.Chebyshev50HzLPF)
    Control_Task                             0x08000edd   Thumb Code   204  control_task.o(i.Control_Task)
    DMA2_Stream2_IRQHandler                  0x08000fbd   Thumb Code     6  stm32f4xx_it.o(i.DMA2_Stream2_IRQHandler)
    DebugMon_Handler                         0x0800106d   Thumb Code     2  stm32f4xx_it.o(i.DebugMon_Handler)
    EXTI1_IRQHandler                         0x0800106f   Thumb Code     6  stm32f4xx_it.o(i.EXTI1_IRQHandler)
    Error_Handler                            0x08001075   Thumb Code     2  main.o(i.Error_Handler)
    Get_CRC16_Check_Sum                      0x08001079   Thumb Code    38  judge_task.o(i.Get_CRC16_Check_Sum)
    Get_CRC8_Check_Sum                       0x080010a5   Thumb Code    24  judge_task.o(i.Get_CRC8_Check_Sum)
    HAL_CAN_ConfigFilter                     0x080010c1   Thumb Code   218  stm32f4xx_hal_can.o(i.HAL_CAN_ConfigFilter)
    HAL_CAN_ErrorCallback                    0x080011a5   Thumb Code     2  stm32f4xx_hal_can.o(i.HAL_CAN_ErrorCallback)
    HAL_CAN_IRQHandler                       0x080011a9   Thumb Code   370  stm32f4xx_hal_can.o(i.HAL_CAN_IRQHandler)
    HAL_CAN_Init                             0x08001329   Thumb Code   328  stm32f4xx_hal_can.o(i.HAL_CAN_Init)
    HAL_CAN_MspInit                          0x08001471   Thumb Code   200  can.o(i.HAL_CAN_MspInit)
    HAL_CAN_Receive_IT                       0x08001551   Thumb Code   134  stm32f4xx_hal_can.o(i.HAL_CAN_Receive_IT)
    HAL_CAN_RxCpltCallback                   0x080015d7   Thumb Code    20  bsp_can.o(i.HAL_CAN_RxCpltCallback)
    HAL_CAN_Transmit_IT                      0x080015ed   Thumb Code   326  stm32f4xx_hal_can.o(i.HAL_CAN_Transmit_IT)
    HAL_CAN_TxCpltCallback                   0x08001733   Thumb Code     2  stm32f4xx_hal_can.o(i.HAL_CAN_TxCpltCallback)
    HAL_DMA_Abort_IT                         0x08001735   Thumb Code    36  stm32f4xx_hal_dma.o(i.HAL_DMA_Abort_IT)
    HAL_DMA_IRQHandler                       0x08001759   Thumb Code   414  stm32f4xx_hal_dma.o(i.HAL_DMA_IRQHandler)
    HAL_DMA_Init                             0x08001901   Thumb Code   202  stm32f4xx_hal_dma.o(i.HAL_DMA_Init)
    HAL_DMA_Start                            0x080019d1   Thumb Code    70  stm32f4xx_hal_dma.o(i.HAL_DMA_Start)
    HAL_Delay                                0x08001a17   Thumb Code    22  stm32f4xx_hal.o(i.HAL_Delay)
    HAL_GPIO_EXTI_Callback                   0x08001a2d   Thumb Code     2  stm32f4xx_hal_gpio.o(i.HAL_GPIO_EXTI_Callback)
    HAL_GPIO_EXTI_IRQHandler                 0x08001a31   Thumb Code    18  stm32f4xx_hal_gpio.o(i.HAL_GPIO_EXTI_IRQHandler)
    HAL_GPIO_Init                            0x08001a49   Thumb Code   408  stm32f4xx_hal_gpio.o(i.HAL_GPIO_Init)
    HAL_GPIO_WritePin                        0x08001c15   Thumb Code    10  stm32f4xx_hal_gpio.o(i.HAL_GPIO_WritePin)
    HAL_GetTick                              0x08001c21   Thumb Code     6  stm32f4xx_hal.o(i.HAL_GetTick)
    HAL_IncTick                              0x08001c2d   Thumb Code    10  stm32f4xx_hal.o(i.HAL_IncTick)
    HAL_Init                                 0x08001c3d   Thumb Code    48  stm32f4xx_hal.o(i.HAL_Init)
    HAL_InitTick                             0x08001c71   Thumb Code    34  stm32f4xx_hal.o(i.HAL_InitTick)
    HAL_MspInit                              0x08001c99   Thumb Code    88  stm32f4xx_hal_msp.o(i.HAL_MspInit)
    HAL_MultiProcessor_Init                  0x08001cf1   Thumb Code   142  stm32f4xx_hal_uart.o(i.HAL_MultiProcessor_Init)
    HAL_NVIC_EnableIRQ                       0x08001d7f   Thumb Code    22  stm32f4xx_hal_cortex.o(i.HAL_NVIC_EnableIRQ)
    HAL_NVIC_SetPriority                     0x08001d95   Thumb Code    60  stm32f4xx_hal_cortex.o(i.HAL_NVIC_SetPriority)
    HAL_NVIC_SetPriorityGrouping             0x08001dd5   Thumb Code    26  stm32f4xx_hal_cortex.o(i.HAL_NVIC_SetPriorityGrouping)
    HAL_PCDEx_SetRxFiFo                      0x08001df9   Thumb Code     8  stm32f4xx_hal_pcd_ex.o(i.HAL_PCDEx_SetRxFiFo)
    HAL_PCDEx_SetTxFiFo                      0x08001e01   Thumb Code    68  stm32f4xx_hal_pcd_ex.o(i.HAL_PCDEx_SetTxFiFo)
    HAL_PCD_ConnectCallback                  0x08001e45   Thumb Code     8  usbd_conf.o(i.HAL_PCD_ConnectCallback)
    HAL_PCD_DataInStageCallback              0x08001e4d   Thumb Code    18  usbd_conf.o(i.HAL_PCD_DataInStageCallback)
    HAL_PCD_DataOutStageCallback             0x08001e5f   Thumb Code    20  usbd_conf.o(i.HAL_PCD_DataOutStageCallback)
    HAL_PCD_DisconnectCallback               0x08001e73   Thumb Code     8  usbd_conf.o(i.HAL_PCD_DisconnectCallback)
    HAL_PCD_EP_Close                         0x08001e7b   Thumb Code    68  stm32f4xx_hal_pcd.o(i.HAL_PCD_EP_Close)
    HAL_PCD_EP_ClrStall                      0x08001ebf   Thumb Code    80  stm32f4xx_hal_pcd.o(i.HAL_PCD_EP_ClrStall)
    HAL_PCD_EP_GetRxCount                    0x08001f0f   Thumb Code    20  stm32f4xx_hal_pcd.o(i.HAL_PCD_EP_GetRxCount)
    HAL_PCD_EP_Open                          0x08001f23   Thumb Code    84  stm32f4xx_hal_pcd.o(i.HAL_PCD_EP_Open)
    HAL_PCD_EP_Receive                       0x08001f79   Thumb Code    94  stm32f4xx_hal_pcd.o(i.HAL_PCD_EP_Receive)
    HAL_PCD_EP_SetStall                      0x08001fd7   Thumb Code    96  stm32f4xx_hal_pcd.o(i.HAL_PCD_EP_SetStall)
    HAL_PCD_EP_Transmit                      0x08002037   Thumb Code    86  stm32f4xx_hal_pcd.o(i.HAL_PCD_EP_Transmit)
    HAL_PCD_IRQHandler                       0x0800208d   Thumb Code  1196  stm32f4xx_hal_pcd.o(i.HAL_PCD_IRQHandler)
    HAL_PCD_ISOINIncompleteCallback          0x08002581   Thumb Code     8  usbd_conf.o(i.HAL_PCD_ISOINIncompleteCallback)
    HAL_PCD_ISOOUTIncompleteCallback         0x08002589   Thumb Code     8  usbd_conf.o(i.HAL_PCD_ISOOUTIncompleteCallback)
    HAL_PCD_Init                             0x08002591   Thumb Code   190  stm32f4xx_hal_pcd.o(i.HAL_PCD_Init)
    HAL_PCD_MspInit                          0x08002651   Thumb Code   116  usbd_conf.o(i.HAL_PCD_MspInit)
    HAL_PCD_ResetCallback                    0x080026cd   Thumb Code    32  usbd_conf.o(i.HAL_PCD_ResetCallback)
    HAL_PCD_ResumeCallback                   0x080026ed   Thumb Code     8  usbd_conf.o(i.HAL_PCD_ResumeCallback)
    HAL_PCD_SOFCallback                      0x080026f5   Thumb Code     8  usbd_conf.o(i.HAL_PCD_SOFCallback)
    HAL_PCD_SetAddress                       0x080026fd   Thumb Code    36  stm32f4xx_hal_pcd.o(i.HAL_PCD_SetAddress)
    HAL_PCD_SetupStageCallback               0x08002721   Thumb Code    14  usbd_conf.o(i.HAL_PCD_SetupStageCallback)
    HAL_PCD_Start                            0x0800272f   Thumb Code    42  stm32f4xx_hal_pcd.o(i.HAL_PCD_Start)
    HAL_PCD_SuspendCallback                  0x08002759   Thumb Code    44  usbd_conf.o(i.HAL_PCD_SuspendCallback)
    HAL_RCC_ClockConfig                      0x08002789   Thumb Code   364  stm32f4xx_hal_rcc.o(i.HAL_RCC_ClockConfig)
    HAL_RCC_GetHCLKFreq                      0x08002905   Thumb Code     6  stm32f4xx_hal_rcc.o(i.HAL_RCC_GetHCLKFreq)
    HAL_RCC_GetPCLK1Freq                     0x08002911   Thumb Code    34  stm32f4xx_hal_rcc.o(i.HAL_RCC_GetPCLK1Freq)
    HAL_RCC_GetPCLK2Freq                     0x08002941   Thumb Code    34  stm32f4xx_hal_rcc.o(i.HAL_RCC_GetPCLK2Freq)
    HAL_RCC_GetSysClockFreq                  0x08002971   Thumb Code   104  stm32f4xx_hal_rcc.o(i.HAL_RCC_GetSysClockFreq)
    HAL_RCC_OscConfig                        0x080029e5   Thumb Code   722  stm32f4xx_hal_rcc.o(i.HAL_RCC_OscConfig)
    HAL_SPI_Init                             0x08002cc9   Thumb Code   128  stm32f4xx_hal_spi.o(i.HAL_SPI_Init)
    HAL_SPI_MspInit                          0x08002d49   Thumb Code    64  spi.o(i.HAL_SPI_MspInit)
    HAL_SPI_TransmitReceive                  0x08002d95   Thumb Code   472  stm32f4xx_hal_spi.o(i.HAL_SPI_TransmitReceive)
    HAL_SYSTICK_CLKSourceConfig              0x08002f6d   Thumb Code    24  stm32f4xx_hal_cortex.o(i.HAL_SYSTICK_CLKSourceConfig)
    HAL_SYSTICK_Callback                     0x08002f85   Thumb Code     2  stm32f4xx_hal_cortex.o(i.HAL_SYSTICK_Callback)
    HAL_SYSTICK_Config                       0x08002f87   Thumb Code    40  stm32f4xx_hal_cortex.o(i.HAL_SYSTICK_Config)
    HAL_SYSTICK_IRQHandler                   0x08002faf   Thumb Code     8  stm32f4xx_hal_cortex.o(i.HAL_SYSTICK_IRQHandler)
    HAL_TIMEx_BreakCallback                  0x08002fb7   Thumb Code     2  stm32f4xx_hal_tim_ex.o(i.HAL_TIMEx_BreakCallback)
    HAL_TIMEx_CommutationCallback            0x08002fb9   Thumb Code     2  stm32f4xx_hal_tim_ex.o(i.HAL_TIMEx_CommutationCallback)
    HAL_TIMEx_ConfigBreakDeadTime            0x08002fbb   Thumb Code    66  stm32f4xx_hal_tim_ex.o(i.HAL_TIMEx_ConfigBreakDeadTime)
    HAL_TIMEx_MasterConfigSynchronization    0x08002ffd   Thumb Code    80  stm32f4xx_hal_tim_ex.o(i.HAL_TIMEx_MasterConfigSynchronization)
    HAL_TIM_Base_Init                        0x0800304d   Thumb Code    54  stm32f4xx_hal_tim.o(i.HAL_TIM_Base_Init)
    HAL_TIM_Base_MspInit                     0x08003085   Thumb Code   172  tim.o(i.HAL_TIM_Base_MspInit)
    HAL_TIM_Base_Start_IT                    0x0800314d   Thumb Code    24  stm32f4xx_hal_tim.o(i.HAL_TIM_Base_Start_IT)
    HAL_TIM_ConfigClockSource                0x08003165   Thumb Code   242  stm32f4xx_hal_tim.o(i.HAL_TIM_ConfigClockSource)
    HAL_TIM_IC_CaptureCallback               0x08003257   Thumb Code     2  stm32f4xx_hal_tim.o(i.HAL_TIM_IC_CaptureCallback)
    HAL_TIM_IRQHandler                       0x08003259   Thumb Code   358  stm32f4xx_hal_tim.o(i.HAL_TIM_IRQHandler)
    HAL_TIM_MspPostInit                      0x080033c1   Thumb Code   188  tim.o(i.HAL_TIM_MspPostInit)
    HAL_TIM_OC_DelayElapsedCallback          0x080034a5   Thumb Code     2  stm32f4xx_hal_tim.o(i.HAL_TIM_OC_DelayElapsedCallback)
    HAL_TIM_PWM_ConfigChannel                0x080034a7   Thumb Code   208  stm32f4xx_hal_tim.o(i.HAL_TIM_PWM_ConfigChannel)
    HAL_TIM_PWM_Init                         0x08003577   Thumb Code    54  stm32f4xx_hal_tim.o(i.HAL_TIM_PWM_Init)
    HAL_TIM_PWM_MspInit                      0x080035ad   Thumb Code     2  stm32f4xx_hal_tim.o(i.HAL_TIM_PWM_MspInit)
    HAL_TIM_PWM_PulseFinishedCallback        0x080035af   Thumb Code     2  stm32f4xx_hal_tim.o(i.HAL_TIM_PWM_PulseFinishedCallback)
    HAL_TIM_PWM_Start                        0x080035b1   Thumb Code    48  stm32f4xx_hal_tim.o(i.HAL_TIM_PWM_Start)
    HAL_TIM_PeriodElapsedCallback            0x080035e9   Thumb Code     2  stm32f4xx_hal_tim.o(i.HAL_TIM_PeriodElapsedCallback)
    HAL_TIM_TriggerCallback                  0x080035eb   Thumb Code     2  stm32f4xx_hal_tim.o(i.HAL_TIM_TriggerCallback)
    HAL_UART6_IRQHandler                     0x080035ed   Thumb Code    86  judge_task.o(i.HAL_UART6_IRQHandler)
    HAL_UART_ErrorCallback                   0x08003655   Thumb Code     2  stm32f4xx_hal_uart.o(i.HAL_UART_ErrorCallback)
    HAL_UART_IRQHandler                      0x08003659   Thumb Code   266  stm32f4xx_hal_uart.o(i.HAL_UART_IRQHandler)
    HAL_UART_Init                            0x08003769   Thumb Code    98  stm32f4xx_hal_uart.o(i.HAL_UART_Init)
    HAL_UART_MspInit                         0x080037cd   Thumb Code   302  usart.o(i.HAL_UART_MspInit)
    HAL_UART_Receive_IT                      0x08003925   Thumb Code    72  stm32f4xx_hal_uart.o(i.HAL_UART_Receive_IT)
    HAL_UART_RxCpltCallback                  0x0800396d   Thumb Code     2  stm32f4xx_hal_uart.o(i.HAL_UART_RxCpltCallback)
    HAL_UART_TxCpltCallback                  0x0800396f   Thumb Code     2  stm32f4xx_hal_uart.o(i.HAL_UART_TxCpltCallback)
    HardFault_Handler                        0x08003971   Thumb Code     2  stm32f4xx_it.o(i.HardFault_Handler)
    IMU_Get_Data                             0x08003975   Thumb Code   220  bsp_imu.o(i.IMU_Get_Data)
    MPU6500_Init                             0x08003a65   Thumb Code    70  bsp_imu.o(i.MPU6500_Init)
    MPU6500_Read_Reg                         0x08003ab5   Thumb Code    68  bsp_imu.o(i.MPU6500_Read_Reg)
    MPU6500_Read_Regs                        0x08003b05   Thumb Code    78  bsp_imu.o(i.MPU6500_Read_Regs)
    MPU6500_Write_Reg                        0x08003b61   Thumb Code    72  bsp_imu.o(i.MPU6500_Write_Reg)
    MX_CAN1_Init                             0x08003bb5   Thumb Code    62  can.o(i.MX_CAN1_Init)
    MX_CAN2_Init                             0x08003bfd   Thumb Code    62  can.o(i.MX_CAN2_Init)
    MX_DMA_Init                              0x08003c45   Thumb Code    56  dma.o(i.MX_DMA_Init)
    MX_GPIO_Init                             0x08003c81   Thumb Code   332  gpio.o(i.MX_GPIO_Init)
    MX_SPI5_Init                             0x08003de5   Thumb Code    62  spi.o(i.MX_SPI5_Init)
    MX_TIM12_Init                            0x08003e2d   Thumb Code   126  tim.o(i.MX_TIM12_Init)
    MX_TIM2_Init                             0x08003eb5   Thumb Code   172  tim.o(i.MX_TIM2_Init)
    MX_TIM3_Init                             0x08003f65   Thumb Code   118  tim.o(i.MX_TIM3_Init)
    MX_TIM4_Init                             0x08003fe5   Thumb Code   164  tim.o(i.MX_TIM4_Init)
    MX_TIM5_Init                             0x08004091   Thumb Code   164  tim.o(i.MX_TIM5_Init)
    MX_TIM6_Init                             0x0800413d   Thumb Code    54  tim.o(i.MX_TIM6_Init)
    MX_TIM8_Init                             0x0800417d   Thumb Code   206  tim.o(i.MX_TIM8_Init)
    MX_USART1_UART_Init                      0x08004255   Thumb Code    46  usart.o(i.MX_USART1_UART_Init)
    MX_USART2_UART_Init                      0x08004291   Thumb Code    50  usart.o(i.MX_USART2_UART_Init)
    MX_USART3_UART_Init                      0x080042cd   Thumb Code    50  usart.o(i.MX_USART3_UART_Init)
    MX_USART6_UART_Init                      0x08004309   Thumb Code    50  usart.o(i.MX_USART6_UART_Init)
    MX_USB_DEVICE_Init                       0x08004345   Thumb Code    38  usb_device.o(i.MX_USB_DEVICE_Init)
    MemManage_Handler                        0x0800437d   Thumb Code     2  stm32f4xx_it.o(i.MemManage_Handler)
    NMI_Handler                              0x0800437f   Thumb Code     2  stm32f4xx_it.o(i.NMI_Handler)
    OTG_FS_IRQHandler                        0x080043a1   Thumb Code     6  stm32f4xx_it.o(i.OTG_FS_IRQHandler)
    PID_ALL_Init                             0x08004435   Thumb Code   396  pid.o(i.PID_ALL_Init)
    PID_Calc                                 0x08004609   Thumb Code   260  pid.o(i.PID_Calc)
    PID_Init                                 0x0800471d   Thumb Code    28  pid.o(i.PID_Init)
    PID_struct_init                          0x0800473d   Thumb Code    60  rm_pid.o(i.PID_struct_init)
    PendSV_Handler                           0x08004781   Thumb Code     2  stm32f4xx_it.o(i.PendSV_Handler)
    SVC_Handler                              0x08004839   Thumb Code     2  stm32f4xx_it.o(i.SVC_Handler)
    Set_Gimbal_Current                       0x0800483b   Thumb Code    40  bsp_can.o(i.Set_Gimbal_Current)
    Set_Shoot_Current                        0x08004863   Thumb Code    62  bsp_can.o(i.Set_Shoot_Current)
    Sing                                     0x080048a1   Thumb Code    28  beep.o(i.Sing)
    Sing_Startup_music                       0x080048c5   Thumb Code    14  beep.o(i.Sing_Startup_music)
    Student_DATA_Receive                     0x080048d9   Thumb Code   148  judge_task.o(i.Student_DATA_Receive)
    Student_DATA_process                     0x08004979   Thumb Code   180  judge_task.o(i.Student_DATA_process)
    SysTick_Handler                          0x08004a39   Thumb Code    14  stm32f4xx_it.o(i.SysTick_Handler)
    SystemClock_Config                       0x08004a49   Thumb Code   150  main.o(i.SystemClock_Config)
    SystemInit                               0x08004ae9   Thumb Code    66  system_stm32f4xx.o(i.SystemInit)
    TIM6_DAC_IRQHandler                      0x08004b3d   Thumb Code    16  stm32f4xx_it.o(i.TIM6_DAC_IRQHandler)
    TIM_Base_SetConfig                       0x08004b51   Thumb Code   148  stm32f4xx_hal_tim.o(i.TIM_Base_SetConfig)
    TIM_CCxChannelCmd                        0x08004c11   Thumb Code    22  stm32f4xx_hal_tim.o(i.TIM_CCxChannelCmd)
    TIM_OC2_SetConfig                        0x08004ca5   Thumb Code    90  stm32f4xx_hal_tim.o(i.TIM_OC2_SetConfig)
    USART1_IRQHandler                        0x080051c9   Thumb Code    18  stm32f4xx_it.o(i.USART1_IRQHandler)
    USART3_IRQHandler                        0x080051e1   Thumb Code     2  stm32f4xx_it.o(i.USART3_IRQHandler)
    USART6_IRQHandler                        0x080051e3   Thumb Code     4  stm32f4xx_it.o(i.USART6_IRQHandler)
    USBD_CDC_GetDeviceQualifierDescriptor    0x08005289   Thumb Code     8  usbd_cdc.o(i.USBD_CDC_GetDeviceQualifierDescriptor)
    USBD_CDC_ReceivePacket                   0x08005341   Thumb Code    40  usbd_cdc.o(i.USBD_CDC_ReceivePacket)
    USBD_CDC_RegisterInterface               0x08005369   Thumb Code    16  usbd_cdc.o(i.USBD_CDC_RegisterInterface)
    USBD_CDC_SetRxBuffer                     0x08005379   Thumb Code    12  usbd_cdc.o(i.USBD_CDC_SetRxBuffer)
    USBD_CDC_SetTxBuffer                     0x08005385   Thumb Code    16  usbd_cdc.o(i.USBD_CDC_SetTxBuffer)
    USBD_ClrClassConfig                      0x08005405   Thumb Code    14  usbd_core.o(i.USBD_ClrClassConfig)
    USBD_CtlContinueRx                       0x08005413   Thumb Code    16  usbd_ioreq.o(i.USBD_CtlContinueRx)
    USBD_CtlContinueSendData                 0x08005423   Thumb Code    16  usbd_ioreq.o(i.USBD_CtlContinueSendData)
    USBD_CtlError                            0x08005433   Thumb Code    22  usbd_ctlreq.o(i.USBD_CtlError)
    USBD_CtlPrepareRx                        0x08005449   Thumb Code    30  usbd_ioreq.o(i.USBD_CtlPrepareRx)
    USBD_CtlReceiveStatus                    0x08005467   Thumb Code    22  usbd_ioreq.o(i.USBD_CtlReceiveStatus)
    USBD_CtlSendData                         0x0800547d   Thumb Code    26  usbd_ioreq.o(i.USBD_CtlSendData)
    USBD_CtlSendStatus                       0x08005497   Thumb Code    22  usbd_ioreq.o(i.USBD_CtlSendStatus)
    USBD_FS_ConfigStrDescriptor              0x080054ad   Thumb Code    16  usbd_desc.o(i.USBD_FS_ConfigStrDescriptor)
    USBD_FS_DeviceDescriptor                 0x080054cd   Thumb Code     8  usbd_desc.o(i.USBD_FS_DeviceDescriptor)
    USBD_FS_InterfaceStrDescriptor           0x080054d9   Thumb Code    16  usbd_desc.o(i.USBD_FS_InterfaceStrDescriptor)
    USBD_FS_LangIDStrDescriptor              0x080054fd   Thumb Code     8  usbd_desc.o(i.USBD_FS_LangIDStrDescriptor)
    USBD_FS_ManufacturerStrDescriptor        0x08005509   Thumb Code    16  usbd_desc.o(i.USBD_FS_ManufacturerStrDescriptor)
    USBD_FS_ProductStrDescriptor             0x08005531   Thumb Code    16  usbd_desc.o(i.USBD_FS_ProductStrDescriptor)
    USBD_FS_SerialStrDescriptor              0x0800555d   Thumb Code    16  usbd_desc.o(i.USBD_FS_SerialStrDescriptor)
    USBD_GetString                           0x08005661   Thumb Code    70  usbd_ctlreq.o(i.USBD_GetString)
    USBD_Init                                0x080056a7   Thumb Code    42  usbd_core.o(i.USBD_Init)
    USBD_LL_ClearStallEP                     0x080056d1   Thumb Code    14  usbd_conf.o(i.USBD_LL_ClearStallEP)
    USBD_LL_CloseEP                          0x080056df   Thumb Code    14  usbd_conf.o(i.USBD_LL_CloseEP)
    USBD_LL_DataInStage                      0x080056ed   Thumb Code   170  usbd_core.o(i.USBD_LL_DataInStage)
    USBD_LL_DataOutStage                     0x08005797   Thumb Code   106  usbd_core.o(i.USBD_LL_DataOutStage)
    USBD_LL_DevConnected                     0x08005801   Thumb Code     4  usbd_core.o(i.USBD_LL_DevConnected)
    USBD_LL_DevDisconnected                  0x08005805   Thumb Code    22  usbd_core.o(i.USBD_LL_DevDisconnected)
    USBD_LL_GetRxDataSize                    0x0800581b   Thumb Code     8  usbd_conf.o(i.USBD_LL_GetRxDataSize)
    USBD_LL_Init                             0x08005825   Thumb Code    92  usbd_conf.o(i.USBD_LL_Init)
    USBD_LL_IsStallEP                        0x08005885   Thumb Code    32  usbd_conf.o(i.USBD_LL_IsStallEP)
    USBD_LL_IsoINIncomplete                  0x080058a5   Thumb Code     4  usbd_core.o(i.USBD_LL_IsoINIncomplete)
    USBD_LL_IsoOUTIncomplete                 0x080058a9   Thumb Code     4  usbd_core.o(i.USBD_LL_IsoOUTIncomplete)
    USBD_LL_OpenEP                           0x080058ad   Thumb Code    20  usbd_conf.o(i.USBD_LL_OpenEP)
    USBD_LL_PrepareReceive                   0x080058c1   Thumb Code    14  usbd_conf.o(i.USBD_LL_PrepareReceive)
    USBD_LL_Reset                            0x080058cf   Thumb Code    62  usbd_core.o(i.USBD_LL_Reset)
    USBD_LL_Resume                           0x0800590d   Thumb Code    12  usbd_core.o(i.USBD_LL_Resume)
    USBD_LL_SOF                              0x08005919   Thumb Code    24  usbd_core.o(i.USBD_LL_SOF)
    USBD_LL_SetSpeed                         0x08005931   Thumb Code     6  usbd_core.o(i.USBD_LL_SetSpeed)
    USBD_LL_SetUSBAddress                    0x08005937   Thumb Code    14  usbd_conf.o(i.USBD_LL_SetUSBAddress)
    USBD_LL_SetupStage                       0x08005945   Thumb Code    90  usbd_core.o(i.USBD_LL_SetupStage)
    USBD_LL_StallEP                          0x0800599f   Thumb Code    14  usbd_conf.o(i.USBD_LL_StallEP)
    USBD_LL_Start                            0x080059ad   Thumb Code    14  usbd_conf.o(i.USBD_LL_Start)
    USBD_LL_Suspend                          0x080059bb   Thumb Code    18  usbd_core.o(i.USBD_LL_Suspend)
    USBD_LL_Transmit                         0x080059cd   Thumb Code    14  usbd_conf.o(i.USBD_LL_Transmit)
    USBD_ParseSetupRequest                   0x080059db   Thumb Code    40  usbd_ctlreq.o(i.USBD_ParseSetupRequest)
    USBD_RegisterClass                       0x08005a03   Thumb Code    16  usbd_core.o(i.USBD_RegisterClass)
    USBD_SetClassConfig                      0x08005a13   Thumb Code    22  usbd_core.o(i.USBD_SetClassConfig)
    USBD_Start                               0x08005a9d   Thumb Code    10  usbd_core.o(i.USBD_Start)
    USBD_StdDevReq                           0x08005aa7   Thumb Code   242  usbd_ctlreq.o(i.USBD_StdDevReq)
    USBD_StdEPReq                            0x08005b99   Thumb Code   220  usbd_ctlreq.o(i.USBD_StdEPReq)
    USBD_StdItfReq                           0x08005c75   Thumb Code    52  usbd_ctlreq.o(i.USBD_StdItfReq)
    USB_ActivateEndpoint                     0x08005ca9   Thumb Code   122  stm32f4xx_ll_usb.o(i.USB_ActivateEndpoint)
    USB_ActivateSetup                        0x08005d29   Thumb Code    52  stm32f4xx_ll_usb.o(i.USB_ActivateSetup)
    USB_CoreInit                             0x08005d5d   Thumb Code    96  stm32f4xx_ll_usb.o(i.USB_CoreInit)
    USB_DeactivateEndpoint                   0x08005df9   Thumb Code   110  stm32f4xx_ll_usb.o(i.USB_DeactivateEndpoint)
    USB_DevConnect                           0x08005e67   Thumb Code    24  stm32f4xx_ll_usb.o(i.USB_DevConnect)
    USB_DevDisconnect                        0x08005e7f   Thumb Code    24  stm32f4xx_ll_usb.o(i.USB_DevDisconnect)
    USB_DevInit                              0x08005e99   Thumb Code   306  stm32f4xx_ll_usb.o(i.USB_DevInit)
    USB_DisableGlobalInt                     0x08005fdd   Thumb Code    12  stm32f4xx_ll_usb.o(i.USB_DisableGlobalInt)
    USB_EP0StartXfer                         0x08005fe9   Thumb Code   316  stm32f4xx_ll_usb.o(i.USB_EP0StartXfer)
    USB_EP0_OutStart                         0x08006129   Thumb Code    62  stm32f4xx_ll_usb.o(i.USB_EP0_OutStart)
    USB_EPClearStall                         0x08006167   Thumb Code   100  stm32f4xx_ll_usb.o(i.USB_EPClearStall)
    USB_EPSetStall                           0x080061cb   Thumb Code    94  stm32f4xx_ll_usb.o(i.USB_EPSetStall)
    USB_EPStartXfer                          0x08006229   Thumb Code   534  stm32f4xx_ll_usb.o(i.USB_EPStartXfer)
    USB_EnableGlobalInt                      0x08006445   Thumb Code    12  stm32f4xx_ll_usb.o(i.USB_EnableGlobalInt)
    USB_FlushRxFifo                          0x08006451   Thumb Code    28  stm32f4xx_ll_usb.o(i.USB_FlushRxFifo)
    USB_FlushTxFifo                          0x08006471   Thumb Code    32  stm32f4xx_ll_usb.o(i.USB_FlushTxFifo)
    USB_GetDevSpeed                          0x08006495   Thumb Code    60  stm32f4xx_ll_usb.o(i.USB_GetDevSpeed)
    USB_GetMode                              0x080064d1   Thumb Code     8  stm32f4xx_ll_usb.o(i.USB_GetMode)
    USB_ReadDevAllInEpInterrupt              0x080064d9   Thumb Code    14  stm32f4xx_ll_usb.o(i.USB_ReadDevAllInEpInterrupt)
    USB_ReadDevAllOutEpInterrupt             0x080064e7   Thumb Code    14  stm32f4xx_ll_usb.o(i.USB_ReadDevAllOutEpInterrupt)
    USB_ReadDevInEPInterrupt                 0x080064f5   Thumb Code    30  stm32f4xx_ll_usb.o(i.USB_ReadDevInEPInterrupt)
    USB_ReadDevOutEPInterrupt                0x08006513   Thumb Code    16  stm32f4xx_ll_usb.o(i.USB_ReadDevOutEPInterrupt)
    USB_ReadInterrupts                       0x08006523   Thumb Code     8  stm32f4xx_ll_usb.o(i.USB_ReadInterrupts)
    USB_ReadPacket                           0x0800652b   Thumb Code    32  stm32f4xx_ll_usb.o(i.USB_ReadPacket)
    USB_SetCurrentMode                       0x0800654b   Thumb Code    44  stm32f4xx_ll_usb.o(i.USB_SetCurrentMode)
    USB_SetDevAddress                        0x08006577   Thumb Code    34  stm32f4xx_ll_usb.o(i.USB_SetDevAddress)
    USB_WritePacket                          0x08006599   Thumb Code    40  stm32f4xx_ll_usb.o(i.USB_WritePacket)
    Uart_Callback_RC_Handle                  0x080065c1   Thumb Code   228  bsp_uart.o(i.Uart_Callback_RC_Handle)
    UsageFault_Handler                       0x080066ad   Thumb Code     2  stm32f4xx_it.o(i.UsageFault_Handler)
    Verify_CRC16_Check_Sum                   0x080066b1   Thumb Code    54  judge_task.o(i.Verify_CRC16_Check_Sum)
    Verify_CRC8_Check_Sum                    0x080066ed   Thumb Code    38  judge_task.o(i.Verify_CRC8_Check_Sum)
    __ARM_fpclassify                         0x08006713   Thumb Code    48  fpclassify.o(i.__ARM_fpclassify)
    __hardfp_acos                            0x08006749   Thumb Code   738  acos.o(i.__hardfp_acos)
    __hardfp_asin                            0x08006aa1   Thumb Code   770  asin.o(i.__hardfp_asin)
    __hardfp_atan                            0x08006e01   Thumb Code   622  atan.o(i.__hardfp_atan)
    __hardfp_atan2                           0x080070d9   Thumb Code   432  atan2.o(i.__hardfp_atan2)
    __hardfp_sqrt                            0x080072c9   Thumb Code   122  sqrt.o(i.__hardfp_sqrt)
    __kernel_poly                            0x08007343   Thumb Code   248  poly.o(i.__kernel_poly)
    __mathlib_dbl_infnan                     0x0800743b   Thumb Code    20  dunder.o(i.__mathlib_dbl_infnan)
    __mathlib_dbl_infnan2                    0x0800744f   Thumb Code    20  dunder.o(i.__mathlib_dbl_infnan2)
    __mathlib_dbl_invalid                    0x08007469   Thumb Code    24  dunder.o(i.__mathlib_dbl_invalid)
    __mathlib_dbl_underflow                  0x08007489   Thumb Code    24  dunder.o(i.__mathlib_dbl_underflow)
    __scatterload_copy                       0x080074a9   Thumb Code    14  handlers.o(i.__scatterload_copy)
    __scatterload_null                       0x080074b7   Thumb Code     2  handlers.o(i.__scatterload_null)
    __scatterload_zeroinit                   0x080074b9   Thumb Code    14  handlers.o(i.__scatterload_zeroinit)
    __set_errno                              0x080074c9   Thumb Code     6  errno.o(i.__set_errno)
    _auto_mode_handle                        0x080074d5   Thumb Code    66  chassis_task.o(i._auto_mode_handle)
    _depart_mode_handle                      0x0800752d   Thumb Code   154  chassis_task.o(i._depart_mode_handle)
    abs_limit                                0x080075ed   Thumb Code    42  rm_pid.o(i.abs_limit)
    atan                                     0x08007617   Thumb Code    16  atan.o(i.atan)
    auto_cruise                              0x08007629   Thumb Code    92  chassis_task.o(i.auto_cruise)
    auto_follow                              0x08007689   Thumb Code   284  chassis_task.o(i.auto_follow)
    auto_handle                              0x080077d1   Thumb Code   224  gimbal_task.o(i.auto_handle)
    auto_rand                                0x080078d9   Thumb Code   142  chassis_task.o(i.auto_rand)
    auto_shoot                               0x0800796d   Thumb Code    52  gimbal_task.o(i.auto_shoot)
    auto_twist                               0x080079b5   Thumb Code   208  chassis_task.o(i.auto_twist)
    calc_angle                               0x08007a89   Thumb Code   298  gimbal_task.o(i.calc_angle)
    can_send_TX2                             0x08007be1   Thumb Code    50  bsp_can.o(i.can_send_TX2)
    chassis_action                           0x08007c19   Thumb Code   144  chassis_task.o(i.chassis_action)
    chassis_task                             0x08007cb5   Thumb Code    20  chassis_task.o(i.chassis_task)
    cruise_handle                            0x08007ccd   Thumb Code    32  gimbal_task.o(i.cruise_handle)
    dbus_init                                0x08007cfd   Thumb Code    82  bsp_uart.o(i.dbus_init)
    depart_handle                            0x08007d59   Thumb Code    54  gimbal_task.o(i.depart_handle)
    fabs                                     0x08007da5   Thumb Code    24  fabs.o(i.fabs)
    free                                     0x08007dbd   Thumb Code    76  malloc.o(i.free)
    gimbal_action                            0x08007e0d   Thumb Code   296  gimbal_task.o(i.gimbal_action)
    gimbal_action_auto                       0x08007f69   Thumb Code   468  gimbal_task.o(i.gimbal_action_auto)
    gimbal_task                              0x08008181   Thumb Code    94  gimbal_task.o(i.gimbal_task)
    imu_param_init                           0x08008891   Thumb Code    18  imu_task.o(i.imu_param_init)
    imu_task                                 0x080088ad   Thumb Code    64  imu_task.o(i.imu_task)
    invSqrt                                  0x08008aad   Thumb Code    40  imu_task.o(i.invSqrt)
    main                                     0x08008ad9   Thumb Code   210  main.o(i.main)
    malloc                                   0x08008bdd   Thumb Code    92  malloc.o(i.malloc)
    matrix_Identity                          0x08008c49   Thumb Code    50  matrix.o(i.matrix_Identity)
    mecanum_calc                             0x08008c81   Thumb Code   222  chassis_task.o(i.mecanum_calc)
    mode_init                                0x08008d71   Thumb Code    44  control_task.o(i.mode_init)
    mode_switch                              0x08008db9   Thumb Code   186  control_task.o(i.mode_switch)
    move                                     0x08008e91   Thumb Code    92  chassis_task.o(i.move)
    mpu_heat_ctrl                            0x08008f01   Thumb Code     6  bsp_io.o(i.mpu_heat_ctrl)
    multiply                                 0x08008f0d   Thumb Code    68  matrix.o(i.multiply)
    multiply_matrix                          0x08008f51   Thumb Code   110  matrix.o(i.multiply_matrix)
    norm                                     0x08008fbf   Thumb Code    44  matrix.o(i.norm)
    offline_check                            0x08008fed   Thumb Code   260  control_task.o(i.offline_check)
    offline_warning                          0x08009109   Thumb Code    22  control_task.o(i.offline_warning)
    pid_calc                                 0x08009129   Thumb Code   326  rm_pid.o(i.pid_calc)
    pwm_device_init                          0x080092a5   Thumb Code    22  bsp_io.o(i.pwm_device_init)
    relax_handle                             0x080092c1   Thumb Code    10  gimbal_task.o(i.relax_handle)
    set_edge                                 0x080092d1   Thumb Code    50  chassis_task.o(i.set_edge)
    set_target_distance                      0x08009311   Thumb Code   362  chassis_task.o(i.set_target_distance)
    shoot_stop                               0x08009499   Thumb Code    22  shoot_task.o(i.shoot_stop)
    shoot_task                               0x080094b5   Thumb Code   212  shoot_task.o(i.shoot_task)
    sqrt                                     0x080095b5   Thumb Code   110  sqrt.o(i.sqrt)
    switch_to_cruise_mode                    0x08009625   Thumb Code    14  chassis_task.o(i.switch_to_cruise_mode)
    switch_to_rand_mode                      0x0800963d   Thumb Code    22  chassis_task.o(i.switch_to_rand_mode)
    switch_to_twist_mode                     0x0800965d   Thumb Code    72  chassis_task.o(i.switch_to_twist_mode)
    trans                                    0x080096ad   Thumb Code    44  matrix.o(i.trans)
    turn_off_laser                           0x080096d9   Thumb Code    12  bsp_io.o(i.turn_off_laser)
    turn_on_friction_wheel                   0x080096e9   Thumb Code   110  shoot_task.o(i.turn_on_friction_wheel)
    turn_on_laser                            0x08009769   Thumb Code    10  bsp_io.o(i.turn_on_laser)
    uart_receive_handler                     0x08009779   Thumb Code    30  bsp_uart.o(i.uart_receive_handler)
    uart_reset_idle_rx_callback              0x080097a1   Thumb Code   204  bsp_uart.o(i.uart_reset_idle_rx_callback)
    value_init                               0x08009875   Thumb Code   136  chassis_task.o(i.value_init)
    APBAHBPrescTable                         0x0800990c   Data          16  stm32f4xx_hal_rcc.o(.constdata)
    tone_tab                                 0x08009924   Data          42  beep.o(.constdata)
    Mavic_Startup_music                      0x0800994e   Data          35  beep.o(.constdata)
    Tone_Warning                             0x08009988   Data          21  control_task.o(.constdata)
    CRC8_TAB                                 0x0800999e   Data         256  judge_task.o(.constdata)
    wCRC_Table                               0x08009a9e   Data         512  judge_task.o(.constdata)
    __mathlib_zero                           0x08009dd8   Data           8  qnan.o(.constdata)
    Region$$Table$$Base                      0x08009de0   Number         0  anon$$obj.o(Region$$Table)
    Region$$Table$$Limit                     0x08009e00   Number         0  anon$$obj.o(Region$$Table)
    uwTick                                   0x20000000   Data           4  stm32f4xx_hal.o(.data)
    USBD_CDC_CfgHSDesc                       0x20000014   Data          67  usbd_cdc.o(.data)
    USBD_CDC_CfgFSDesc                       0x20000058   Data          67  usbd_cdc.o(.data)
    USBD_CDC_OtherSpeedCfgDesc               0x2000009c   Data          67  usbd_cdc.o(.data)
    USBD_CDC                                 0x200000e0   Data          56  usbd_cdc.o(.data)
    FS_Desc                                  0x2000011c   Data          28  usbd_desc.o(.data)
    USBD_LangIDDesc                          0x20000138   Data           4  usbd_desc.o(.data)
    USBD_FS_DeviceDesc                       0x2000013c   Data          18  usbd_desc.o(.data)
    USBD_Interface_fops_FS                   0x20000150   Data          16  usbd_cdc_if.o(.data)
    UserRxBufferFS                           0x20000160   Data           4  usbd_cdc_if.o(.data)
    UserTxBufferFS                           0x20000164   Data           4  usbd_cdc_if.o(.data)
    SystemCoreClock                          0x2000016c   Data           4  system_stm32f4xx.o(.data)
    Startup_Success_music_index              0x20000170   Data           4  beep.o(.data)
    feed_round                               0x20000174   Data           1  bsp_can.o(.data)
    FPS_TX2                                  0x20000176   Data           2  bsp_can.o(.data)
    count_FPS_TX2                            0x20000178   Data           2  bsp_can.o(.data)
    tick_controller                          0x2000017c   Data           4  bsp_uart.o(.data)
    MPU_id                                   0x20000180   Data           1  bsp_imu.o(.data)
    isHero                                   0x20000198   Data           1  gimbal_task.o(.data)
    pitch                                    0x2000019c   Data           4  gimbal_task.o(.data)
    yaw                                      0x200001a0   Data           4  gimbal_task.o(.data)
    yaw_out                                  0x200001a4   Data           4  gimbal_task.o(.data)
    tick_lock                                0x200001a8   Data           4  gimbal_task.o(.data)
    count_out                                0x200001ac   Data           4  gimbal_task.o(.data)
    GMYawEncoder                             0x200001b8   Data           8  gimbal_task.o(.data)
    GMPitchEncoder                           0x200001c0   Data           8  gimbal_task.o(.data)
    dis_th                                   0x200001c8   Data          20  gimbal_task.o(.data)
    needTarget                               0x200001ec   Data           1  chassis_task.o(.data)
    hit                                      0x200001ed   Data           1  chassis_task.o(.data)
    last_HP                                  0x200001ee   Data           2  chassis_task.o(.data)
    tick_rand                                0x200001f0   Data           4  chassis_task.o(.data)
    tick_hit                                 0x200001f4   Data           4  chassis_task.o(.data)
    tick_first_hit                           0x200001f8   Data           4  chassis_task.o(.data)
    speed                                    0x200001fc   Data           4  chassis_task.o(.data)
    dis                                      0x20000200   Data           4  chassis_task.o(.data)
    disTarget                                0x20000204   Data           4  chassis_task.o(.data)
    dDisMin                                  0x20000208   Data           4  chassis_task.o(.data)
    dDisMax                                  0x2000020c   Data           4  chassis_task.o(.data)
    speed_cruise                             0x20000210   Data           4  chassis_task.o(.data)
    speed_max                                0x20000214   Data           4  chassis_task.o(.data)
    edge                                     0x2000021c   Data           4  chassis_task.o(.data)
    threshold                                0x20000220   Data           4  shoot_task.o(.data)
    fric_speed                               0x20000224   Data           4  shoot_task.o(.data)
    shoot_feed                               0x20000228   Data           4  shoot_task.o(.data)
    shoot_fric                               0x2000022c   Data           4  shoot_task.o(.data)
    aim_armor_color                          0x20000230   Data           1  control_task.o(.data)
    exception                                0x20000234   Data           2  control_task.o(.data)
    tick_wait                                0x20000238   Data           4  control_task.o(.data)
    tick_FPS                                 0x2000023c   Data           4  control_task.o(.data)
    Sentry_Mode                              0x20000240   Data           5  control_task.o(.data)
    tick_notarget                            0x20000248   Data           4  control_task.o(.data)
    Kp                                       0x2000025c   Data           4  imu_task.o(.data)
    Ki                                       0x20000260   Data           4  imu_task.o(.data)
    yaw_offset                               0x2000029c   Data           4  imu_task.o(.data)
    abs_yaw                                  0x200002a0   Data           4  imu_task.o(.data)
    halfT                                    0x200002a4   Data           4  imu_task.o(.data)
    USART_LEN                                0x200002a8   Data           1  judge_task.o(.data)
    recLength                                0x200002a9   Data           1  judge_task.o(.data)
    TxCounter_uart6                          0x200002aa   Data           1  judge_task.o(.data)
    count_uart6                              0x200002ab   Data           1  judge_task.o(.data)
    hurtType                                 0x200002ac   Data           1  judge_task.o(.data)
    robotlevel                               0x200002ad   Data           1  judge_task.o(.data)
    shoottype                                0x200002ae   Data           1  judge_task.o(.data)
    shootFreq                                0x200002af   Data           1  judge_task.o(.data)
    USART_STU_STA                            0x200002b0   Data           2  judge_task.o(.data)
    CRC_INIT                                 0x200002b2   Data           2  judge_task.o(.data)
    remain_HP                                0x200002b4   Data           2  judge_task.o(.data)
    shootHeat                                0x200002b6   Data           2  judge_task.o(.data)
    shootSpeed                               0x200002b8   Data           4  judge_task.o(.data)
    power_v                                  0x200002bc   Data           4  judge_task.o(.data)
    power                                    0x200002c0   Data           4  judge_task.o(.data)
    power_buffer                             0x200002c4   Data           4  judge_task.o(.data)
    NUM                                      0x200002c8   Data          40  filter.o(.data)
    DEN                                      0x200002f0   Data          40  filter.o(.data)
    __microlib_freelist                      0x2000031c   Data           4  mvars.o(.data)
    __microlib_freelist_initialised          0x20000320   Data           4  mvars.o(.data)
    hUsbDeviceFS                             0x20000328   Data         548  usb_device.o(.bss)
    hpcd_USB_OTG_FS                          0x2000054c   Data         952  usbd_conf.o(.bss)
    USBD_StrDesc                             0x20000904   Data         128  usbd_desc.o(.bss)
    hcan1                                    0x20000984   Data          64  can.o(.bss)
    hcan2                                    0x200009c4   Data          64  can.o(.bss)
    hspi5                                    0x20000a04   Data          88  spi.o(.bss)
    htim2                                    0x20000a5c   Data          60  tim.o(.bss)
    htim3                                    0x20000a98   Data          60  tim.o(.bss)
    htim4                                    0x20000ad4   Data          60  tim.o(.bss)
    htim5                                    0x20000b10   Data          60  tim.o(.bss)
    htim6                                    0x20000b4c   Data          60  tim.o(.bss)
    htim8                                    0x20000b88   Data          60  tim.o(.bss)
    htim12                                   0x20000bc4   Data          60  tim.o(.bss)
    huart1                                   0x20000c00   Data          64  usart.o(.bss)
    huart2                                   0x20000c40   Data          64  usart.o(.bss)
    huart3                                   0x20000c80   Data          64  usart.o(.bss)
    huart6                                   0x20000cc0   Data          64  usart.o(.bss)
    hdma_usart1_rx                           0x20000d00   Data          96  usart.o(.bss)
    data                                     0x20000d60   Data          16  bsp_can.o(.bss)
    uart3_rx_buff                            0x20000df0   Data          50  bsp_uart.o(.bss)
    uart2_rx_buff                            0x20000e22   Data          50  bsp_uart.o(.bss)
    uart6_rx_buff                            0x20000e54   Data          50  bsp_uart.o(.bss)
    rc                                       0x20000e88   Data          40  bsp_uart.o(.bss)
    dbus_buff                                0x20000eb0   Data          21  bsp_uart.o(.bss)
    last_rc                                  0x20000ec8   Data          40  bsp_uart.o(.bss)
    imu_data                                 0x20000ef0   Data          32  bsp_imu.o(.bss)
    pr                                       0x20000f10   Data          12  gimbal_task.o(.bss)
    w_yaw                                    0x20000f1c   Data          12  gimbal_task.o(.bss)
    chassis                                  0x20000f28   Data          52  chassis_task.o(.bss)
    CMEncoder                                0x20000f5c   Data          96  chassis_task.o(.bss)
    SHOOTEncoder                             0x20000fbc   Data          36  shoot_task.o(.bss)
    offline                                  0x20000fe0   Data           9  control_task.o(.bss)
    tick                                     0x20000fec   Data          36  control_task.o(.bss)
    imu                                      0x20001010   Data          56  imu_task.o(.bss)
    atti                                     0x20001048   Data          36  imu_task.o(.bss)
    USART_STU_BUF                            0x2000106c   Data         200  judge_task.o(.bss)
    USART_FRAME                              0x20001134   Data          46  judge_task.o(.bss)
    MPUz50Hz                                 0x20001268   Data          96  filter.o(.bss)
    MPUx50Hz                                 0x200012c8   Data          96  filter.o(.bss)
    AutoPitchPID                             0x20001328   Data          64  pid.o(.bss)
    GMPPositionPID                           0x20001368   Data          64  pid.o(.bss)
    GMPSpeedPID                              0x200013a8   Data          64  pid.o(.bss)
    GMYPositionPID                           0x200013e8   Data          64  pid.o(.bss)
    GMYSpeedPID                              0x20001428   Data          64  pid.o(.bss)
    ShootFeedPPID                            0x20001468   Data          64  pid.o(.bss)
    ShootFeedSPID                            0x200014a8   Data          64  pid.o(.bss)
    ShootFric1PID                            0x200014e8   Data          64  pid.o(.bss)
    ShootFric2PID                            0x20001528   Data          64  pid.o(.bss)
    TempPID                                  0x20001568   Data          64  pid.o(.bss)
    pid_spd                                  0x200015a8   Data         304  rm_pid.o(.bss)
    __heap_base                              0x200016d8   Data           0  startup_stm32f427xx.o(HEAP)
    __heap_limit                             0x20001ad8   Data           0  startup_stm32f427xx.o(HEAP)
    __initial_sp                             0x20002ad8   Data           0  startup_stm32f427xx.o(STACK)



==============================================================================

Memory Map of the image

  Image Entry point : 0x080001ad

  Load Region LR_IROM1 (Base: 0x08000000, Size: 0x0000a128, Max: 0x00200000, ABSOLUTE, COMPRESSED[0x00009f50])

    Execution Region ER_IROM1 (Base: 0x08000000, Size: 0x00009e00, Max: 0x00200000, ABSOLUTE)

    Base Addr    Size         Type   Attr      Idx    E Section Name        Object

    0x08000000   0x000001ac   Data   RO            3    RESET               startup_stm32f427xx.o
    0x080001ac   0x00000000   Code   RO         5676  * .ARM.Collect$$$$00000000  mc_w.l(entry.o)
    0x080001ac   0x00000004   Code   RO         5771    .ARM.Collect$$$$00000001  mc_w.l(entry2.o)
    0x080001b0   0x00000004   Code   RO         5774    .ARM.Collect$$$$00000004  mc_w.l(entry5.o)
    0x080001b4   0x00000000   Code   RO         5776    .ARM.Collect$$$$00000008  mc_w.l(entry7b.o)
    0x080001b4   0x00000000   Code   RO         5778    .ARM.Collect$$$$0000000A  mc_w.l(entry8b.o)
    0x080001b4   0x00000008   Code   RO         5779    .ARM.Collect$$$$0000000B  mc_w.l(entry9a.o)
    0x080001bc   0x00000000   Code   RO         5781    .ARM.Collect$$$$0000000D  mc_w.l(entry10a.o)
    0x080001bc   0x00000000   Code   RO         5783    .ARM.Collect$$$$0000000F  mc_w.l(entry11a.o)
    0x080001bc   0x00000004   Code   RO         5772    .ARM.Collect$$$$00002712  mc_w.l(entry2.o)
    0x080001c0   0x00000024   Code   RO            4    .text               startup_stm32f427xx.o
    0x080001e4   0x00000024   Code   RO         5679    .text               mc_w.l(rand.o)
    0x08000208   0x00000024   Code   RO         5682    .text               mc_w.l(memcpya.o)
    0x0800022c   0x0000014e   Code   RO         5716    .text               mf_w.l(dadd.o)
    0x0800037a   0x000000e4   Code   RO         5718    .text               mf_w.l(dmul.o)
    0x0800045e   0x00000022   Code   RO         5722    .text               mf_w.l(dflti.o)
    0x08000480   0x00000026   Code   RO         5724    .text               mf_w.l(f2d.o)
    0x080004a6   0x00000002   PAD
    0x080004a8   0x00000030   Code   RO         5726    .text               mf_w.l(cdcmple.o)
    0x080004d8   0x00000030   Code   RO         5728    .text               mf_w.l(cdrcmple.o)
    0x08000508   0x00000038   Code   RO         5730    .text               mf_w.l(d2f.o)
    0x08000540   0x0000001e   Code   RO         5785    .text               mc_w.l(llshl.o)
    0x0800055e   0x00000024   Code   RO         5787    .text               mc_w.l(llsshr.o)
    0x08000582   0x00000000   Code   RO         5798    .text               mc_w.l(iusefp.o)
    0x08000582   0x0000006e   Code   RO         5799    .text               mf_w.l(fepilogue.o)
    0x080005f0   0x000000ba   Code   RO         5801    .text               mf_w.l(depilogue.o)
    0x080006aa   0x000000de   Code   RO         5803    .text               mf_w.l(ddiv.o)
    0x08000788   0x000000a2   Code   RO         5805    .text               mf_w.l(dsqrt.o)
    0x0800082a   0x00000002   PAD
    0x0800082c   0x00000024   Code   RO         5807    .text               mc_w.l(init.o)
    0x08000850   0x00000020   Code   RO         5809    .text               mc_w.l(llushr.o)
    0x08000870   0x00000056   Code   RO         5823    .text               mc_w.l(__dczerorl2.o)
    0x080008c6   0x00000002   Code   RO         3639    i.BusFault_Handler  stm32f4xx_it.o
    0x080008c8   0x0000000c   Code   RO         3640    i.CAN1_RX0_IRQHandler  stm32f4xx_it.o
    0x080008d4   0x0000000c   Code   RO         3641    i.CAN1_TX_IRQHandler  stm32f4xx_it.o
    0x080008e0   0x0000000c   Code   RO         3642    i.CAN2_RX0_IRQHandler  stm32f4xx_it.o
    0x080008ec   0x0000000c   Code   RO         3643    i.CAN2_TX_IRQHandler  stm32f4xx_it.o
    0x080008f8   0x0000012c   Code   RO          694    i.CAN_Receive_IT    stm32f4xx_hal_can.o
    0x08000a24   0x0000002e   Code   RO         4645    i.CAN_Send_Msg      bsp_can.o
    0x08000a52   0x00000060   Code   RO          695    i.CAN_Transmit_IT   stm32f4xx_hal_can.o
    0x08000ab2   0x00000004   Code   RO         4204    i.CDC_Control_FS    usbd_cdc_if.o
    0x08000ab6   0x00000004   Code   RO         4205    i.CDC_DeInit_FS     usbd_cdc_if.o
    0x08000aba   0x00000002   PAD
    0x08000abc   0x00000024   Code   RO         4206    i.CDC_Init_FS       usbd_cdc_if.o
    0x08000ae0   0x00000018   Code   RO         4207    i.CDC_Receive_FS    usbd_cdc_if.o
    0x08000af8   0x00000054   Code   RO         4646    i.CanFilter_Init    bsp_can.o
    0x08000b4c   0x000002d8   Code   RO         4647    i.CanReceiveMsgProcess  bsp_can.o
    0x08000e24   0x000000b8   Code   RO         5377    i.Chebyshev50HzLPF  filter.o
    0x08000edc   0x000000e0   Code   RO         5186    i.Control_Task      control_task.o
    0x08000fbc   0x0000000c   Code   RO         3644    i.DMA2_Stream2_IRQHandler  stm32f4xx_it.o
    0x08000fc8   0x00000028   Code   RO         1103    i.DMA_CalcBaseAndBitshift  stm32f4xx_hal_dma.o
    0x08000ff0   0x00000054   Code   RO         1104    i.DMA_CheckFifoParam  stm32f4xx_hal_dma.o
    0x08001044   0x00000028   Code   RO         1105    i.DMA_SetConfig     stm32f4xx_hal_dma.o
    0x0800106c   0x00000002   Code   RO         3645    i.DebugMon_Handler  stm32f4xx_it.o
    0x0800106e   0x00000006   Code   RO         3646    i.EXTI1_IRQHandler  stm32f4xx_it.o
    0x08001074   0x00000002   Code   RO         4082    i.Error_Handler     main.o
    0x08001076   0x00000002   PAD
    0x08001078   0x0000002c   Code   RO         5303    i.Get_CRC16_Check_Sum  judge_task.o
    0x080010a4   0x0000001c   Code   RO         5304    i.Get_CRC8_Check_Sum  judge_task.o
    0x080010c0   0x000000e4   Code   RO          696    i.HAL_CAN_ConfigFilter  stm32f4xx_hal_can.o
    0x080011a4   0x00000002   Code   RO          698    i.HAL_CAN_ErrorCallback  stm32f4xx_hal_can.o
    0x080011a6   0x00000002   PAD
    0x080011a8   0x00000180   Code   RO          701    i.HAL_CAN_IRQHandler  stm32f4xx_hal_can.o
    0x08001328   0x00000148   Code   RO          702    i.HAL_CAN_Init      stm32f4xx_hal_can.o
    0x08001470   0x000000e0   Code   RO         4281    i.HAL_CAN_MspInit   can.o
    0x08001550   0x00000086   Code   RO          706    i.HAL_CAN_Receive_IT  stm32f4xx_hal_can.o
    0x080015d6   0x00000014   Code   RO         4648    i.HAL_CAN_RxCpltCallback  bsp_can.o
    0x080015ea   0x00000002   PAD
    0x080015ec   0x00000146   Code   RO          710    i.HAL_CAN_Transmit_IT  stm32f4xx_hal_can.o
    0x08001732   0x00000002   Code   RO          711    i.HAL_CAN_TxCpltCallback  stm32f4xx_hal_can.o
    0x08001734   0x00000024   Code   RO         1107    i.HAL_DMA_Abort_IT  stm32f4xx_hal_dma.o
    0x08001758   0x000001a8   Code   RO         1111    i.HAL_DMA_IRQHandler  stm32f4xx_hal_dma.o
    0x08001900   0x000000d0   Code   RO         1112    i.HAL_DMA_Init      stm32f4xx_hal_dma.o
    0x080019d0   0x00000046   Code   RO         1115    i.HAL_DMA_Start     stm32f4xx_hal_dma.o
    0x08001a16   0x00000016   Code   RO         2480    i.HAL_Delay         stm32f4xx_hal.o
    0x08001a2c   0x00000002   Code   RO         2013    i.HAL_GPIO_EXTI_Callback  stm32f4xx_hal_gpio.o
    0x08001a2e   0x00000002   PAD
    0x08001a30   0x00000018   Code   RO         2014    i.HAL_GPIO_EXTI_IRQHandler  stm32f4xx_hal_gpio.o
    0x08001a48   0x000001cc   Code   RO         2015    i.HAL_GPIO_Init     stm32f4xx_hal_gpio.o
    0x08001c14   0x0000000a   Code   RO         2019    i.HAL_GPIO_WritePin  stm32f4xx_hal_gpio.o
    0x08001c1e   0x00000002   PAD
    0x08001c20   0x0000000c   Code   RO         2488    i.HAL_GetTick       stm32f4xx_hal.o
    0x08001c2c   0x00000010   Code   RO         2489    i.HAL_IncTick       stm32f4xx_hal.o
    0x08001c3c   0x00000034   Code   RO         2490    i.HAL_Init          stm32f4xx_hal.o
    0x08001c70   0x00000028   Code   RO         2491    i.HAL_InitTick      stm32f4xx_hal.o
    0x08001c98   0x00000058   Code   RO         4256    i.HAL_MspInit       stm32f4xx_hal_msp.o
    0x08001cf0   0x0000008e   Code   RO          449    i.HAL_MultiProcessor_Init  stm32f4xx_hal_uart.o
    0x08001d7e   0x00000016   Code   RO         3066    i.HAL_NVIC_EnableIRQ  stm32f4xx_hal_cortex.o
    0x08001d94   0x00000040   Code   RO         3072    i.HAL_NVIC_SetPriority  stm32f4xx_hal_cortex.o
    0x08001dd4   0x00000024   Code   RO         3073    i.HAL_NVIC_SetPriorityGrouping  stm32f4xx_hal_cortex.o
    0x08001df8   0x00000008   Code   RO         3033    i.HAL_PCDEx_SetRxFiFo  stm32f4xx_hal_pcd_ex.o
    0x08001e00   0x00000044   Code   RO         3034    i.HAL_PCDEx_SetTxFiFo  stm32f4xx_hal_pcd_ex.o
    0x08001e44   0x00000008   Code   RO         3893    i.HAL_PCD_ConnectCallback  usbd_conf.o
    0x08001e4c   0x00000012   Code   RO         3894    i.HAL_PCD_DataInStageCallback  usbd_conf.o
    0x08001e5e   0x00000014   Code   RO         3895    i.HAL_PCD_DataOutStageCallback  usbd_conf.o
    0x08001e72   0x00000008   Code   RO         3896    i.HAL_PCD_DisconnectCallback  usbd_conf.o
    0x08001e7a   0x00000044   Code   RO           22    i.HAL_PCD_EP_Close  stm32f4xx_hal_pcd.o
    0x08001ebe   0x00000050   Code   RO           23    i.HAL_PCD_EP_ClrStall  stm32f4xx_hal_pcd.o
    0x08001f0e   0x00000014   Code   RO           25    i.HAL_PCD_EP_GetRxCount  stm32f4xx_hal_pcd.o
    0x08001f22   0x00000054   Code   RO           26    i.HAL_PCD_EP_Open   stm32f4xx_hal_pcd.o
    0x08001f76   0x00000002   PAD
    0x08001f78   0x0000005e   Code   RO           27    i.HAL_PCD_EP_Receive  stm32f4xx_hal_pcd.o
    0x08001fd6   0x00000060   Code   RO           28    i.HAL_PCD_EP_SetStall  stm32f4xx_hal_pcd.o
    0x08002036   0x00000056   Code   RO           29    i.HAL_PCD_EP_Transmit  stm32f4xx_hal_pcd.o
    0x0800208c   0x000004f4   Code   RO           31    i.HAL_PCD_IRQHandler  stm32f4xx_hal_pcd.o
    0x08002580   0x00000008   Code   RO         3897    i.HAL_PCD_ISOINIncompleteCallback  usbd_conf.o
    0x08002588   0x00000008   Code   RO         3898    i.HAL_PCD_ISOOUTIncompleteCallback  usbd_conf.o
    0x08002590   0x000000be   Code   RO           34    i.HAL_PCD_Init      stm32f4xx_hal_pcd.o
    0x0800264e   0x00000002   PAD
    0x08002650   0x0000007c   Code   RO         3900    i.HAL_PCD_MspInit   usbd_conf.o
    0x080026cc   0x00000020   Code   RO         3901    i.HAL_PCD_ResetCallback  usbd_conf.o
    0x080026ec   0x00000008   Code   RO         3902    i.HAL_PCD_ResumeCallback  usbd_conf.o
    0x080026f4   0x00000008   Code   RO         3903    i.HAL_PCD_SOFCallback  usbd_conf.o
    0x080026fc   0x00000024   Code   RO           40    i.HAL_PCD_SetAddress  stm32f4xx_hal_pcd.o
    0x08002720   0x0000000e   Code   RO         3904    i.HAL_PCD_SetupStageCallback  usbd_conf.o
    0x0800272e   0x0000002a   Code   RO           42    i.HAL_PCD_Start     stm32f4xx_hal_pcd.o
    0x08002758   0x00000030   Code   RO         3905    i.HAL_PCD_SuspendCallback  usbd_conf.o
    0x08002788   0x0000017c   Code   RO          338    i.HAL_RCC_ClockConfig  stm32f4xx_hal_rcc.o
    0x08002904   0x0000000c   Code   RO          343    i.HAL_RCC_GetHCLKFreq  stm32f4xx_hal_rcc.o
    0x08002910   0x00000030   Code   RO          345    i.HAL_RCC_GetPCLK1Freq  stm32f4xx_hal_rcc.o
    0x08002940   0x00000030   Code   RO          346    i.HAL_RCC_GetPCLK2Freq  stm32f4xx_hal_rcc.o
    0x08002970   0x00000074   Code   RO          347    i.HAL_RCC_GetSysClockFreq  stm32f4xx_hal_rcc.o
    0x080029e4   0x000002e4   Code   RO          350    i.HAL_RCC_OscConfig  stm32f4xx_hal_rcc.o
    0x08002cc8   0x00000080   Code   RO          832    i.HAL_SPI_Init      stm32f4xx_hal_spi.o
    0x08002d48   0x0000004c   Code   RO         4378    i.HAL_SPI_MspInit   spi.o
    0x08002d94   0x000001d8   Code   RO          841    i.HAL_SPI_TransmitReceive  stm32f4xx_hal_spi.o
    0x08002f6c   0x00000018   Code   RO         3075    i.HAL_SYSTICK_CLKSourceConfig  stm32f4xx_hal_cortex.o
    0x08002f84   0x00000002   Code   RO         3076    i.HAL_SYSTICK_Callback  stm32f4xx_hal_cortex.o
    0x08002f86   0x00000028   Code   RO         3077    i.HAL_SYSTICK_Config  stm32f4xx_hal_cortex.o
    0x08002fae   0x00000008   Code   RO         3078    i.HAL_SYSTICK_IRQHandler  stm32f4xx_hal_cortex.o
    0x08002fb6   0x00000002   Code   RO         2078    i.HAL_TIMEx_BreakCallback  stm32f4xx_hal_tim_ex.o
    0x08002fb8   0x00000002   Code   RO         2079    i.HAL_TIMEx_CommutationCallback  stm32f4xx_hal_tim_ex.o
    0x08002fba   0x00000042   Code   RO         2080    i.HAL_TIMEx_ConfigBreakDeadTime  stm32f4xx_hal_tim_ex.o
    0x08002ffc   0x00000050   Code   RO         2095    i.HAL_TIMEx_MasterConfigSynchronization  stm32f4xx_hal_tim_ex.o
    0x0800304c   0x00000036   Code   RO         1283    i.HAL_TIM_Base_Init  stm32f4xx_hal_tim.o
    0x08003082   0x00000002   PAD
    0x08003084   0x000000c8   Code   RO         4420    i.HAL_TIM_Base_MspInit  tim.o
    0x0800314c   0x00000018   Code   RO         1288    i.HAL_TIM_Base_Start_IT  stm32f4xx_hal_tim.o
    0x08003164   0x000000f2   Code   RO         1292    i.HAL_TIM_ConfigClockSource  stm32f4xx_hal_tim.o
    0x08003256   0x00000002   Code   RO         1312    i.HAL_TIM_IC_CaptureCallback  stm32f4xx_hal_tim.o
    0x08003258   0x00000166   Code   RO         1325    i.HAL_TIM_IRQHandler  stm32f4xx_hal_tim.o
    0x080033be   0x00000002   PAD
    0x080033c0   0x000000e4   Code   RO         4421    i.HAL_TIM_MspPostInit  tim.o
    0x080034a4   0x00000002   Code   RO         1328    i.HAL_TIM_OC_DelayElapsedCallback  stm32f4xx_hal_tim.o
    0x080034a6   0x000000d0   Code   RO         1349    i.HAL_TIM_PWM_ConfigChannel  stm32f4xx_hal_tim.o
    0x08003576   0x00000036   Code   RO         1352    i.HAL_TIM_PWM_Init  stm32f4xx_hal_tim.o
    0x080035ac   0x00000002   Code   RO         1354    i.HAL_TIM_PWM_MspInit  stm32f4xx_hal_tim.o
    0x080035ae   0x00000002   Code   RO         1355    i.HAL_TIM_PWM_PulseFinishedCallback  stm32f4xx_hal_tim.o
    0x080035b0   0x00000038   Code   RO         1356    i.HAL_TIM_PWM_Start  stm32f4xx_hal_tim.o
    0x080035e8   0x00000002   Code   RO         1362    i.HAL_TIM_PeriodElapsedCallback  stm32f4xx_hal_tim.o
    0x080035ea   0x00000002   Code   RO         1366    i.HAL_TIM_TriggerCallback  stm32f4xx_hal_tim.o
    0x080035ec   0x00000068   Code   RO         5305    i.HAL_UART6_IRQHandler  judge_task.o
    0x08003654   0x00000002   Code   RO          454    i.HAL_UART_ErrorCallback  stm32f4xx_hal_uart.o
    0x08003656   0x00000002   PAD
    0x08003658   0x00000110   Code   RO          457    i.HAL_UART_IRQHandler  stm32f4xx_hal_uart.o
    0x08003768   0x00000062   Code   RO          458    i.HAL_UART_Init     stm32f4xx_hal_uart.o
    0x080037ca   0x00000002   PAD
    0x080037cc   0x00000158   Code   RO         4504    i.HAL_UART_MspInit  usart.o
    0x08003924   0x00000048   Code   RO          463    i.HAL_UART_Receive_IT  stm32f4xx_hal_uart.o
    0x0800396c   0x00000002   Code   RO          464    i.HAL_UART_RxCpltCallback  stm32f4xx_hal_uart.o
    0x0800396e   0x00000002   Code   RO          469    i.HAL_UART_TxCpltCallback  stm32f4xx_hal_uart.o
    0x08003970   0x00000002   Code   RO         3647    i.HardFault_Handler  stm32f4xx_it.o
    0x08003972   0x00000002   PAD
    0x08003974   0x000000f0   Code   RO         4776    i.IMU_Get_Data      bsp_imu.o
    0x08003a64   0x00000050   Code   RO         4780    i.MPU6500_Init      bsp_imu.o
    0x08003ab4   0x00000050   Code   RO         4781    i.MPU6500_Read_Reg  bsp_imu.o
    0x08003b04   0x0000005c   Code   RO         4782    i.MPU6500_Read_Regs  bsp_imu.o
    0x08003b60   0x00000054   Code   RO         4785    i.MPU6500_Write_Reg  bsp_imu.o
    0x08003bb4   0x00000048   Code   RO         4282    i.MX_CAN1_Init      can.o
    0x08003bfc   0x00000048   Code   RO         4283    i.MX_CAN2_Init      can.o
    0x08003c44   0x0000003c   Code   RO         4329    i.MX_DMA_Init       dma.o
    0x08003c80   0x00000164   Code   RO         4353    i.MX_GPIO_Init      gpio.o
    0x08003de4   0x00000048   Code   RO         4379    i.MX_SPI5_Init      spi.o
    0x08003e2c   0x00000088   Code   RO         4422    i.MX_TIM12_Init     tim.o
    0x08003eb4   0x000000b0   Code   RO         4423    i.MX_TIM2_Init      tim.o
    0x08003f64   0x00000080   Code   RO         4424    i.MX_TIM3_Init      tim.o
    0x08003fe4   0x000000ac   Code   RO         4425    i.MX_TIM4_Init      tim.o
    0x08004090   0x000000ac   Code   RO         4426    i.MX_TIM5_Init      tim.o
    0x0800413c   0x00000040   Code   RO         4427    i.MX_TIM6_Init      tim.o
    0x0800417c   0x000000d8   Code   RO         4428    i.MX_TIM8_Init      tim.o
    0x08004254   0x0000003c   Code   RO         4505    i.MX_USART1_UART_Init  usart.o
    0x08004290   0x0000003c   Code   RO         4506    i.MX_USART2_UART_Init  usart.o
    0x080042cc   0x0000003c   Code   RO         4507    i.MX_USART3_UART_Init  usart.o
    0x08004308   0x0000003c   Code   RO         4508    i.MX_USART6_UART_Init  usart.o
    0x08004344   0x00000038   Code   RO         3855    i.MX_USB_DEVICE_Init  usb_device.o
    0x0800437c   0x00000002   Code   RO         3648    i.MemManage_Handler  stm32f4xx_it.o
    0x0800437e   0x00000002   Code   RO         3649    i.NMI_Handler       stm32f4xx_it.o
    0x08004380   0x00000020   Code   RO         3079    i.NVIC_SetPriority  stm32f4xx_hal_cortex.o
    0x080043a0   0x0000000c   Code   RO         3650    i.OTG_FS_IRQHandler  stm32f4xx_it.o
    0x080043ac   0x00000088   Code   RO           45    i.PCD_WriteEmptyTxFifo  stm32f4xx_hal_pcd.o
    0x08004434   0x000001d4   Code   RO         5402    i.PID_ALL_Init      pid.o
    0x08004608   0x00000114   Code   RO         5403    i.PID_Calc          pid.o
    0x0800471c   0x00000020   Code   RO         5404    i.PID_Init          pid.o
    0x0800473c   0x00000044   Code   RO         5445    i.PID_struct_init   rm_pid.o
    0x08004780   0x00000002   Code   RO         3651    i.PendSV_Handler    stm32f4xx_it.o
    0x08004782   0x00000020   Code   RO          854    i.SPI_CheckFlag_BSY  stm32f4xx_hal_spi.o
    0x080047a2   0x00000096   Code   RO          870    i.SPI_WaitFlagStateUntilTimeout  stm32f4xx_hal_spi.o
    0x08004838   0x00000002   Code   RO         3652    i.SVC_Handler       stm32f4xx_it.o
    0x0800483a   0x00000028   Code   RO         4649    i.Set_Gimbal_Current  bsp_can.o
    0x08004862   0x0000003e   Code   RO         4650    i.Set_Shoot_Current  bsp_can.o
    0x080048a0   0x00000024   Code   RO         4601    i.Sing              beep.o
    0x080048c4   0x00000014   Code   RO         4602    i.Sing_Startup_music  beep.o
    0x080048d8   0x000000a0   Code   RO         5306    i.Student_DATA_Receive  judge_task.o
    0x08004978   0x000000c0   Code   RO         5307    i.Student_DATA_process  judge_task.o
    0x08004a38   0x0000000e   Code   RO         3653    i.SysTick_Handler   stm32f4xx_it.o
    0x08004a46   0x00000002   PAD
    0x08004a48   0x000000a0   Code   RO         4083    i.SystemClock_Config  main.o
    0x08004ae8   0x00000054   Code   RO         4565    i.SystemInit        system_stm32f4xx.o
    0x08004b3c   0x00000014   Code   RO         3654    i.TIM6_DAC_IRQHandler  stm32f4xx_it.o
    0x08004b50   0x000000c0   Code   RO         1367    i.TIM_Base_SetConfig  stm32f4xx_hal_tim.o
    0x08004c10   0x00000016   Code   RO         1368    i.TIM_CCxChannelCmd  stm32f4xx_hal_tim.o
    0x08004c26   0x00000014   Code   RO         1374    i.TIM_ETR_SetConfig  stm32f4xx_hal_tim.o
    0x08004c3a   0x00000010   Code   RO         1375    i.TIM_ITRx_SetConfig  stm32f4xx_hal_tim.o
    0x08004c4a   0x00000002   PAD
    0x08004c4c   0x00000058   Code   RO         1376    i.TIM_OC1_SetConfig  stm32f4xx_hal_tim.o
    0x08004ca4   0x00000064   Code   RO         1377    i.TIM_OC2_SetConfig  stm32f4xx_hal_tim.o
    0x08004d08   0x00000060   Code   RO         1378    i.TIM_OC3_SetConfig  stm32f4xx_hal_tim.o
    0x08004d68   0x00000050   Code   RO         1379    i.TIM_OC4_SetConfig  stm32f4xx_hal_tim.o
    0x08004db8   0x00000022   Code   RO         1381    i.TIM_TI1_ConfigInputStage  stm32f4xx_hal_tim.o
    0x08004dda   0x00000024   Code   RO         1383    i.TIM_TI2_ConfigInputStage  stm32f4xx_hal_tim.o
    0x08004dfe   0x00000010   Code   RO          471    i.UART_DMAAbortOnError  stm32f4xx_hal_uart.o
    0x08004e0e   0x0000001c   Code   RO          477    i.UART_EndRxTransfer  stm32f4xx_hal_uart.o
    0x08004e2a   0x0000008c   Code   RO          479    i.UART_Receive_IT   stm32f4xx_hal_uart.o
    0x08004eb6   0x00000002   PAD
    0x08004eb8   0x000002ac   Code   RO          480    i.UART_SetConfig    stm32f4xx_hal_uart.o
    0x08005164   0x00000062   Code   RO          481    i.UART_Transmit_IT  stm32f4xx_hal_uart.o
    0x080051c6   0x00000002   PAD
    0x080051c8   0x00000018   Code   RO         3655    i.USART1_IRQHandler  stm32f4xx_it.o
    0x080051e0   0x00000002   Code   RO         3656    i.USART3_IRQHandler  stm32f4xx_it.o
    0x080051e2   0x00000004   Code   RO         3657    i.USART6_IRQHandler  stm32f4xx_it.o
    0x080051e6   0x00000014   Code   RO         3245    i.USBD_CDC_DataIn   usbd_cdc.o
    0x080051fa   0x0000002e   Code   RO         3246    i.USBD_CDC_DataOut  usbd_cdc.o
    0x08005228   0x0000003c   Code   RO         3247    i.USBD_CDC_DeInit   usbd_cdc.o
    0x08005264   0x00000024   Code   RO         3248    i.USBD_CDC_EP0_RxReady  usbd_cdc.o
    0x08005288   0x0000000c   Code   RO         3249    i.USBD_CDC_GetDeviceQualifierDescriptor  usbd_cdc.o
    0x08005294   0x0000000c   Code   RO         3250    i.USBD_CDC_GetFSCfgDesc  usbd_cdc.o
    0x080052a0   0x0000000c   Code   RO         3251    i.USBD_CDC_GetHSCfgDesc  usbd_cdc.o
    0x080052ac   0x0000000c   Code   RO         3252    i.USBD_CDC_GetOtherSpeedCfgDesc  usbd_cdc.o
    0x080052b8   0x00000088   Code   RO         3253    i.USBD_CDC_Init     usbd_cdc.o
    0x08005340   0x00000028   Code   RO         3254    i.USBD_CDC_ReceivePacket  usbd_cdc.o
    0x08005368   0x00000010   Code   RO         3255    i.USBD_CDC_RegisterInterface  usbd_cdc.o
    0x08005378   0x0000000c   Code   RO         3256    i.USBD_CDC_SetRxBuffer  usbd_cdc.o
    0x08005384   0x00000010   Code   RO         3257    i.USBD_CDC_SetTxBuffer  usbd_cdc.o
    0x08005394   0x00000070   Code   RO         3258    i.USBD_CDC_Setup    usbd_cdc.o
    0x08005404   0x0000000e   Code   RO         3441    i.USBD_ClrClassConfig  usbd_core.o
    0x08005412   0x00000010   Code   RO         3579    i.USBD_CtlContinueRx  usbd_ioreq.o
    0x08005422   0x00000010   Code   RO         3580    i.USBD_CtlContinueSendData  usbd_ioreq.o
    0x08005432   0x00000016   Code   RO         3376    i.USBD_CtlError     usbd_ctlreq.o
    0x08005448   0x0000001e   Code   RO         3581    i.USBD_CtlPrepareRx  usbd_ioreq.o
    0x08005466   0x00000016   Code   RO         3582    i.USBD_CtlReceiveStatus  usbd_ioreq.o
    0x0800547c   0x0000001a   Code   RO         3583    i.USBD_CtlSendData  usbd_ioreq.o
    0x08005496   0x00000016   Code   RO         3584    i.USBD_CtlSendStatus  usbd_ioreq.o
    0x080054ac   0x00000020   Code   RO         4136    i.USBD_FS_ConfigStrDescriptor  usbd_desc.o
    0x080054cc   0x0000000c   Code   RO         4137    i.USBD_FS_DeviceDescriptor  usbd_desc.o
    0x080054d8   0x00000024   Code   RO         4138    i.USBD_FS_InterfaceStrDescriptor  usbd_desc.o
    0x080054fc   0x0000000c   Code   RO         4139    i.USBD_FS_LangIDStrDescriptor  usbd_desc.o
    0x08005508   0x00000028   Code   RO         4140    i.USBD_FS_ManufacturerStrDescriptor  usbd_desc.o
    0x08005530   0x0000002c   Code   RO         4141    i.USBD_FS_ProductStrDescriptor  usbd_desc.o
    0x0800555c   0x00000024   Code   RO         4142    i.USBD_FS_SerialStrDescriptor  usbd_desc.o
    0x08005580   0x000000e0   Code   RO         3377    i.USBD_GetDescriptor  usbd_ctlreq.o
    0x08005660   0x00000046   Code   RO         3378    i.USBD_GetString    usbd_ctlreq.o
    0x080056a6   0x0000002a   Code   RO         3443    i.USBD_Init         usbd_core.o
    0x080056d0   0x0000000e   Code   RO         3906    i.USBD_LL_ClearStallEP  usbd_conf.o
    0x080056de   0x0000000e   Code   RO         3907    i.USBD_LL_CloseEP   usbd_conf.o
    0x080056ec   0x000000aa   Code   RO         3444    i.USBD_LL_DataInStage  usbd_core.o
    0x08005796   0x0000006a   Code   RO         3445    i.USBD_LL_DataOutStage  usbd_core.o
    0x08005800   0x00000004   Code   RO         3446    i.USBD_LL_DevConnected  usbd_core.o
    0x08005804   0x00000016   Code   RO         3447    i.USBD_LL_DevDisconnected  usbd_core.o
    0x0800581a   0x00000008   Code   RO         3911    i.USBD_LL_GetRxDataSize  usbd_conf.o
    0x08005822   0x00000002   PAD
    0x08005824   0x00000060   Code   RO         3912    i.USBD_LL_Init      usbd_conf.o
    0x08005884   0x00000020   Code   RO         3913    i.USBD_LL_IsStallEP  usbd_conf.o
    0x080058a4   0x00000004   Code   RO         3448    i.USBD_LL_IsoINIncomplete  usbd_core.o
    0x080058a8   0x00000004   Code   RO         3449    i.USBD_LL_IsoOUTIncomplete  usbd_core.o
    0x080058ac   0x00000014   Code   RO         3914    i.USBD_LL_OpenEP    usbd_conf.o
    0x080058c0   0x0000000e   Code   RO         3915    i.USBD_LL_PrepareReceive  usbd_conf.o
    0x080058ce   0x0000003e   Code   RO         3450    i.USBD_LL_Reset     usbd_core.o
    0x0800590c   0x0000000c   Code   RO         3451    i.USBD_LL_Resume    usbd_core.o
    0x08005918   0x00000018   Code   RO         3452    i.USBD_LL_SOF       usbd_core.o
    0x08005930   0x00000006   Code   RO         3453    i.USBD_LL_SetSpeed  usbd_core.o
    0x08005936   0x0000000e   Code   RO         3916    i.USBD_LL_SetUSBAddress  usbd_conf.o
    0x08005944   0x0000005a   Code   RO         3454    i.USBD_LL_SetupStage  usbd_core.o
    0x0800599e   0x0000000e   Code   RO         3917    i.USBD_LL_StallEP   usbd_conf.o
    0x080059ac   0x0000000e   Code   RO         3918    i.USBD_LL_Start     usbd_conf.o
    0x080059ba   0x00000012   Code   RO         3455    i.USBD_LL_Suspend   usbd_core.o
    0x080059cc   0x0000000e   Code   RO         3920    i.USBD_LL_Transmit  usbd_conf.o
    0x080059da   0x00000028   Code   RO         3379    i.USBD_ParseSetupRequest  usbd_ctlreq.o
    0x08005a02   0x00000010   Code   RO         3456    i.USBD_RegisterClass  usbd_core.o
    0x08005a12   0x00000016   Code   RO         3458    i.USBD_SetClassConfig  usbd_core.o
    0x08005a28   0x00000074   Code   RO         3380    i.USBD_SetConfig    usbd_ctlreq.o
    0x08005a9c   0x0000000a   Code   RO         3459    i.USBD_Start        usbd_core.o
    0x08005aa6   0x000000f2   Code   RO         3381    i.USBD_StdDevReq    usbd_ctlreq.o
    0x08005b98   0x000000dc   Code   RO         3382    i.USBD_StdEPReq     usbd_ctlreq.o
    0x08005c74   0x00000034   Code   RO         3383    i.USBD_StdItfReq    usbd_ctlreq.o
    0x08005ca8   0x00000080   Code   RO         2751    i.USB_ActivateEndpoint  stm32f4xx_ll_usb.o
    0x08005d28   0x00000034   Code   RO         2752    i.USB_ActivateSetup  stm32f4xx_ll_usb.o
    0x08005d5c   0x00000064   Code   RO         2754    i.USB_CoreInit      stm32f4xx_ll_usb.o
    0x08005dc0   0x00000038   Code   RO         2755    i.USB_CoreReset     stm32f4xx_ll_usb.o
    0x08005df8   0x0000006e   Code   RO         2757    i.USB_DeactivateEndpoint  stm32f4xx_ll_usb.o
    0x08005e66   0x00000018   Code   RO         2758    i.USB_DevConnect    stm32f4xx_ll_usb.o
    0x08005e7e   0x00000018   Code   RO         2759    i.USB_DevDisconnect  stm32f4xx_ll_usb.o
    0x08005e96   0x00000002   PAD
    0x08005e98   0x00000144   Code   RO         2760    i.USB_DevInit       stm32f4xx_ll_usb.o
    0x08005fdc   0x0000000c   Code   RO         2761    i.USB_DisableGlobalInt  stm32f4xx_ll_usb.o
    0x08005fe8   0x00000140   Code   RO         2764    i.USB_EP0StartXfer  stm32f4xx_ll_usb.o
    0x08006128   0x0000003e   Code   RO         2765    i.USB_EP0_OutStart  stm32f4xx_ll_usb.o
    0x08006166   0x00000064   Code   RO         2766    i.USB_EPClearStall  stm32f4xx_ll_usb.o
    0x080061ca   0x0000005e   Code   RO         2767    i.USB_EPSetStall    stm32f4xx_ll_usb.o
    0x08006228   0x0000021c   Code   RO         2768    i.USB_EPStartXfer   stm32f4xx_ll_usb.o
    0x08006444   0x0000000c   Code   RO         2769    i.USB_EnableGlobalInt  stm32f4xx_ll_usb.o
    0x08006450   0x00000020   Code   RO         2770    i.USB_FlushRxFifo   stm32f4xx_ll_usb.o
    0x08006470   0x00000024   Code   RO         2771    i.USB_FlushTxFifo   stm32f4xx_ll_usb.o
    0x08006494   0x0000003c   Code   RO         2773    i.USB_GetDevSpeed   stm32f4xx_ll_usb.o
    0x080064d0   0x00000008   Code   RO         2775    i.USB_GetMode       stm32f4xx_ll_usb.o
    0x080064d8   0x0000000e   Code   RO         2782    i.USB_ReadDevAllInEpInterrupt  stm32f4xx_ll_usb.o
    0x080064e6   0x0000000e   Code   RO         2783    i.USB_ReadDevAllOutEpInterrupt  stm32f4xx_ll_usb.o
    0x080064f4   0x0000001e   Code   RO         2784    i.USB_ReadDevInEPInterrupt  stm32f4xx_ll_usb.o
    0x08006512   0x00000010   Code   RO         2785    i.USB_ReadDevOutEPInterrupt  stm32f4xx_ll_usb.o
    0x08006522   0x00000008   Code   RO         2786    i.USB_ReadInterrupts  stm32f4xx_ll_usb.o
    0x0800652a   0x00000020   Code   RO         2787    i.USB_ReadPacket    stm32f4xx_ll_usb.o
    0x0800654a   0x0000002c   Code   RO         2789    i.USB_SetCurrentMode  stm32f4xx_ll_usb.o
    0x08006576   0x00000022   Code   RO         2790    i.USB_SetDevAddress  stm32f4xx_ll_usb.o
    0x08006598   0x00000028   Code   RO         2794    i.USB_WritePacket   stm32f4xx_ll_usb.o
    0x080065c0   0x000000ec   Code   RO         4714    i.Uart_Callback_RC_Handle  bsp_uart.o
    0x080066ac   0x00000002   Code   RO         3658    i.UsageFault_Handler  stm32f4xx_it.o
    0x080066ae   0x00000002   PAD
    0x080066b0   0x0000003c   Code   RO         5308    i.Verify_CRC16_Check_Sum  judge_task.o
    0x080066ec   0x00000026   Code   RO         5309    i.Verify_CRC8_Check_Sum  judge_task.o
    0x08006712   0x00000030   Code   RO         5755    i.__ARM_fpclassify  m_wm.l(fpclassify.o)
    0x08006742   0x00000006   PAD
    0x08006748   0x00000358   Code   RO         5586    i.__hardfp_acos     m_wm.l(acos.o)
    0x08006aa0   0x00000360   Code   RO         5600    i.__hardfp_asin     m_wm.l(asin.o)
    0x08006e00   0x000002d8   Code   RO         5614    i.__hardfp_atan     m_wm.l(atan.o)
    0x080070d8   0x000001f0   Code   RO         5628    i.__hardfp_atan2    m_wm.l(atan2.o)
    0x080072c8   0x0000007a   Code   RO         5664    i.__hardfp_sqrt     m_wm.l(sqrt.o)
    0x08007342   0x000000f8   Code   RO         5757    i.__kernel_poly     m_wm.l(poly.o)
    0x0800743a   0x00000014   Code   RO         5736    i.__mathlib_dbl_infnan  m_wm.l(dunder.o)
    0x0800744e   0x00000014   Code   RO         5737    i.__mathlib_dbl_infnan2  m_wm.l(dunder.o)
    0x08007462   0x00000006   PAD
    0x08007468   0x00000020   Code   RO         5738    i.__mathlib_dbl_invalid  m_wm.l(dunder.o)
    0x08007488   0x00000020   Code   RO         5741    i.__mathlib_dbl_underflow  m_wm.l(dunder.o)
    0x080074a8   0x0000000e   Code   RO         5817    i.__scatterload_copy  mc_w.l(handlers.o)
    0x080074b6   0x00000002   Code   RO         5818    i.__scatterload_null  mc_w.l(handlers.o)
    0x080074b8   0x0000000e   Code   RO         5819    i.__scatterload_zeroinit  mc_w.l(handlers.o)
    0x080074c6   0x00000002   PAD
    0x080074c8   0x0000000c   Code   RO         5793    i.__set_errno       mc_w.l(errno.o)
    0x080074d4   0x00000058   Code   RO         5005    i._auto_mode_handle  chassis_task.o
    0x0800752c   0x000000c0   Code   RO         5006    i._depart_mode_handle  chassis_task.o
    0x080075ec   0x0000002a   Code   RO         5446    i.abs_limit         rm_pid.o
    0x08007616   0x00000010   Code   RO         5616    i.atan              m_wm.l(atan.o)
    0x08007626   0x00000002   PAD
    0x08007628   0x00000060   Code   RO         5007    i.auto_cruise       chassis_task.o
    0x08007688   0x00000148   Code   RO         5008    i.auto_follow       chassis_task.o
    0x080077d0   0x00000108   Code   RO         4923    i.auto_handle       gimbal_task.o
    0x080078d8   0x00000094   Code   RO         5009    i.auto_rand         chassis_task.o
    0x0800796c   0x00000048   Code   RO         4924    i.auto_shoot        gimbal_task.o
    0x080079b4   0x000000d4   Code   RO         5010    i.auto_twist        chassis_task.o
    0x08007a88   0x00000158   Code   RO         4925    i.calc_angle        gimbal_task.o
    0x08007be0   0x00000038   Code   RO         4651    i.can_send_TX2      bsp_can.o
    0x08007c18   0x0000009c   Code   RO         5011    i.chassis_action    chassis_task.o
    0x08007cb4   0x00000018   Code   RO         5012    i.chassis_task      chassis_task.o
    0x08007ccc   0x00000030   Code   RO         4926    i.cruise_handle     gimbal_task.o
    0x08007cfc   0x0000005c   Code   RO         4715    i.dbus_init         bsp_uart.o
    0x08007d58   0x0000004c   Code   RO         4927    i.depart_handle     gimbal_task.o
    0x08007da4   0x00000018   Code   RO         5751    i.fabs              m_wm.l(fabs.o)
    0x08007dbc   0x00000050   Code   RO         5688    i.free              mc_w.l(malloc.o)
    0x08007e0c   0x0000015c   Code   RO         4928    i.gimbal_action     gimbal_task.o
    0x08007f68   0x00000218   Code   RO         4929    i.gimbal_action_auto  gimbal_task.o
    0x08008180   0x00000070   Code   RO         4930    i.gimbal_task       gimbal_task.o
    0x080081f0   0x000004b6   Code   RO         5243    i.imu_AHRS_update   imu_task.o
    0x080086a6   0x00000002   PAD
    0x080086a8   0x000001e8   Code   RO         5244    i.imu_attitude_update  imu_task.o
    0x08008890   0x0000001c   Code   RO         5245    i.imu_param_init    imu_task.o
    0x080088ac   0x00000050   Code   RO         5246    i.imu_task          imu_task.o
    0x080088fc   0x000001b0   Code   RO         5247    i.init_quaternion   imu_task.o
    0x08008aac   0x0000002c   Code   RO         5248    i.invSqrt           imu_task.o
    0x08008ad8   0x00000104   Code   RO         4084    i.main              main.o
    0x08008bdc   0x0000006c   Code   RO         5689    i.malloc            mc_w.l(malloc.o)
    0x08008c48   0x00000038   Code   RO         5504    i.matrix_Identity   matrix.o
    0x08008c80   0x000000f0   Code   RO         5013    i.mecanum_calc      chassis_task.o
    0x08008d70   0x00000048   Code   RO         5187    i.mode_init         control_task.o
    0x08008db8   0x000000d8   Code   RO         5188    i.mode_switch       control_task.o
    0x08008e90   0x00000070   Code   RO         5014    i.move              chassis_task.o
    0x08008f00   0x0000000c   Code   RO         4876    i.mpu_heat_ctrl     bsp_io.o
    0x08008f0c   0x00000044   Code   RO         5508    i.multiply          matrix.o
    0x08008f50   0x0000006e   Code   RO         5509    i.multiply_matrix   matrix.o
    0x08008fbe   0x0000002c   Code   RO         5510    i.norm              matrix.o
    0x08008fea   0x00000002   PAD
    0x08008fec   0x0000011c   Code   RO         5189    i.offline_check     control_task.o
    0x08009108   0x00000020   Code   RO         5190    i.offline_warning   control_task.o
    0x08009128   0x0000014c   Code   RO         5447    i.pid_calc          rm_pid.o
    0x08009274   0x0000000e   Code   RO         5448    i.pid_param_init    rm_pid.o
    0x08009282   0x00000002   PAD
    0x08009284   0x00000020   Code   RO         5449    i.pid_reset         rm_pid.o
    0x080092a4   0x0000001c   Code   RO         4877    i.pwm_device_init   bsp_io.o
    0x080092c0   0x00000010   Code   RO         4931    i.relax_handle      gimbal_task.o
    0x080092d0   0x00000040   Code   RO         5015    i.set_edge          chassis_task.o
    0x08009310   0x00000188   Code   RO         5016    i.set_target_distance  chassis_task.o
    0x08009498   0x0000001c   Code   RO         5143    i.shoot_stop        shoot_task.o
    0x080094b4   0x00000100   Code   RO         5144    i.shoot_task        shoot_task.o
    0x080095b4   0x0000006e   Code   RO         5666    i.sqrt              m_wm.l(sqrt.o)
    0x08009622   0x00000002   PAD
    0x08009624   0x00000018   Code   RO         5017    i.switch_to_cruise_mode  chassis_task.o
    0x0800963c   0x00000020   Code   RO         5019    i.switch_to_rand_mode  chassis_task.o
    0x0800965c   0x00000050   Code   RO         5020    i.switch_to_twist_mode  chassis_task.o
    0x080096ac   0x0000002c   Code   RO         5514    i.trans             matrix.o
    0x080096d8   0x00000010   Code   RO         4878    i.turn_off_laser    bsp_io.o
    0x080096e8   0x00000080   Code   RO         5145    i.turn_on_friction_wheel  shoot_task.o
    0x08009768   0x00000010   Code   RO         4879    i.turn_on_laser     bsp_io.o
    0x08009778   0x00000028   Code   RO         4716    i.uart_receive_handler  bsp_uart.o
    0x080097a0   0x000000d4   Code   RO         4717    i.uart_reset_idle_rx_callback  bsp_uart.o
    0x08009874   0x00000098   Code   RO         5021    i.value_init        chassis_task.o
    0x0800990c   0x00000010   Data   RO          351    .constdata          stm32f4xx_hal_rcc.o
    0x0800991c   0x00000008   Data   RO         1118    .constdata          stm32f4xx_hal_dma.o
    0x08009924   0x0000004d   Data   RO         4604    .constdata          beep.o
    0x08009971   0x00000003   PAD
    0x08009974   0x00000014   Data   RO         4788    .constdata          bsp_imu.o
    0x08009988   0x00000015   Data   RO         5192    .constdata          control_task.o
    0x0800999d   0x00000001   PAD
    0x0800999e   0x00000300   Data   RO         5312    .constdata          judge_task.o
    0x08009c9e   0x00000002   PAD
    0x08009ca0   0x00000050   Data   RO         5589    .constdata          m_wm.l(acos.o)
    0x08009cf0   0x00000050   Data   RO         5603    .constdata          m_wm.l(asin.o)
    0x08009d40   0x00000098   Data   RO         5617    .constdata          m_wm.l(atan.o)
    0x08009dd8   0x00000008   Data   RO         5759    .constdata          m_wm.l(qnan.o)
    0x08009de0   0x00000020   Data   RO         5815    Region$$Table       anon$$obj.o


    Execution Region RW_IRAM1 (Base: 0x20000000, Size: 0x00002ad8, Max: 0x00030000, ABSOLUTE, COMPRESSED[0x00000150])

    Base Addr    Size         Type   Attr      Idx    E Section Name        Object

    0x20000000   0x00000004   Data   RW         2496    .data               stm32f4xx_hal.o
    0x20000004   0x000000db   Data   RW         3260    .data               usbd_cdc.o
    0x200000df   0x00000001   PAD
    0x200000e0   0x00000038   Data   RW         3261    .data               usbd_cdc.o
    0x20000118   0x00000001   Data   RW         3384    .data               usbd_ctlreq.o
    0x20000119   0x00000003   PAD
    0x2000011c   0x0000001c   Data   RW         4144    .data               usbd_desc.o
    0x20000138   0x00000016   Data   RW         4145    .data               usbd_desc.o
    0x2000014e   0x00000002   PAD
    0x20000150   0x00000010   Data   RW         4209    .data               usbd_cdc_if.o
    0x20000160   0x00000008   Data   RW         4210    .data               usbd_cdc_if.o
    0x20000168   0x00000004   Data   RW         4285    .data               can.o
    0x2000016c   0x00000004   Data   RW         4567    .data               system_stm32f4xx.o
    0x20000170   0x00000004   Data   RW         4605    .data               beep.o
    0x20000174   0x00000006   Data   RW         4653    .data               bsp_can.o
    0x2000017a   0x00000002   PAD
    0x2000017c   0x00000004   Data   RW         4725    .data               bsp_uart.o
    0x20000180   0x00000015   Data   RW         4789    .data               bsp_imu.o
    0x20000195   0x00000003   PAD
    0x20000198   0x00000054   Data   RW         4933    .data               gimbal_task.o
    0x200001ec   0x00000034   Data   RW         5023    .data               chassis_task.o
    0x20000220   0x00000010   Data   RW         5147    .data               shoot_task.o
    0x20000230   0x00000015   Data   RW         5193    .data               control_task.o
    0x20000245   0x00000003   PAD
    0x20000248   0x00000004   Data   RW         5194    .data               control_task.o
    0x2000024c   0x0000005c   Data   RW         5250    .data               imu_task.o
    0x200002a8   0x00000020   Data   RW         5313    .data               judge_task.o
    0x200002c8   0x00000050   Data   RW         5382    .data               filter.o
    0x20000318   0x00000004   Data   RW         5680    .data               mc_w.l(rand.o)
    0x2000031c   0x00000004   Data   RW         5789    .data               mc_w.l(mvars.o)
    0x20000320   0x00000004   Data   RW         5790    .data               mc_w.l(mvars.o)
    0x20000324   0x00000004   Data   RW         5794    .data               mc_w.l(errno.o)
    0x20000328   0x00000224   Zero   RW         3856    .bss                usb_device.o
    0x2000054c   0x000003b8   Zero   RW         3921    .bss                usbd_conf.o
    0x20000904   0x00000080   Zero   RW         4143    .bss                usbd_desc.o
    0x20000984   0x00000080   Zero   RW         4284    .bss                can.o
    0x20000a04   0x00000058   Zero   RW         4380    .bss                spi.o
    0x20000a5c   0x000001a4   Zero   RW         4429    .bss                tim.o
    0x20000c00   0x00000160   Zero   RW         4509    .bss                usart.o
    0x20000d60   0x00000090   Zero   RW         4652    .bss                bsp_can.o
    0x20000df0   0x00000032   Zero   RW         4719    .bss                bsp_uart.o
    0x20000e22   0x00000032   Zero   RW         4720    .bss                bsp_uart.o
    0x20000e54   0x00000032   Zero   RW         4721    .bss                bsp_uart.o
    0x20000e86   0x00000002   PAD
    0x20000e88   0x0000003d   Zero   RW         4722    .bss                bsp_uart.o
    0x20000ec5   0x00000003   PAD
    0x20000ec8   0x00000028   Zero   RW         4723    .bss                bsp_uart.o
    0x20000ef0   0x00000020   Zero   RW         4787    .bss                bsp_imu.o
    0x20000f10   0x00000018   Zero   RW         4932    .bss                gimbal_task.o
    0x20000f28   0x00000094   Zero   RW         5022    .bss                chassis_task.o
    0x20000fbc   0x00000024   Zero   RW         5146    .bss                shoot_task.o
    0x20000fe0   0x00000030   Zero   RW         5191    .bss                control_task.o
    0x20001010   0x0000005c   Zero   RW         5249    .bss                imu_task.o
    0x2000106c   0x000001f6   Zero   RW         5310    .bss                judge_task.o
    0x20001262   0x00000006   PAD
    0x20001268   0x00000060   Zero   RW         5378    .bss                filter.o
    0x200012c8   0x00000060   Zero   RW         5380    .bss                filter.o
    0x20001328   0x00000280   Zero   RW         5405    .bss                pid.o
    0x200015a8   0x00000130   Zero   RW         5454    .bss                rm_pid.o
    0x200016d8   0x00000400   Zero   RW            2    HEAP                startup_stm32f427xx.o
    0x20001ad8   0x00001000   Zero   RW            1    STACK               startup_stm32f427xx.o

